Archive member included to satisfy reference by file (symbol)

/home/nam/st/stm32cubeide_1.16.0/plugins/com.st.stm32cube.ide.mcu.externaltools.gnu-tools-for-stm32.12.3.rel1.linux64_1.0.200.202406132123/tools/bin/../lib/gcc/arm-none-eabi/12.3.1/../../../../arm-none-eabi/lib/thumb/v7e-m+fp/hard/libc_nano.a(libc_a-calloc.o)
                              ./Core/Src/task_list.o (calloc)
/home/nam/st/stm32cubeide_1.16.0/plugins/com.st.stm32cube.ide.mcu.externaltools.gnu-tools-for-stm32.12.3.rel1.linux64_1.0.200.202406132123/tools/bin/../lib/gcc/arm-none-eabi/12.3.1/../../../../arm-none-eabi/lib/thumb/v7e-m+fp/hard/libc_nano.a(libc_a-callocr.o)
                              /home/nam/st/stm32cubeide_1.16.0/plugins/com.st.stm32cube.ide.mcu.externaltools.gnu-tools-for-stm32.12.3.rel1.linux64_1.0.200.202406132123/tools/bin/../lib/gcc/arm-none-eabi/12.3.1/../../../../arm-none-eabi/lib/thumb/v7e-m+fp/hard/libc_nano.a(libc_a-calloc.o) (_calloc_r)
/home/nam/st/stm32cubeide_1.16.0/plugins/com.st.stm32cube.ide.mcu.externaltools.gnu-tools-for-stm32.12.3.rel1.linux64_1.0.200.202406132123/tools/bin/../lib/gcc/arm-none-eabi/12.3.1/../../../../arm-none-eabi/lib/thumb/v7e-m+fp/hard/libc_nano.a(libc_a-exit.o)
                              /home/nam/st/stm32cubeide_1.16.0/plugins/com.st.stm32cube.ide.mcu.externaltools.gnu-tools-for-stm32.12.3.rel1.linux64_1.0.200.202406132123/tools/bin/../lib/gcc/arm-none-eabi/12.3.1/../../../../arm-none-eabi/lib/thumb/v7e-m+fp/hard/crt0.o (exit)
/home/nam/st/stm32cubeide_1.16.0/plugins/com.st.stm32cube.ide.mcu.externaltools.gnu-tools-for-stm32.12.3.rel1.linux64_1.0.200.202406132123/tools/bin/../lib/gcc/arm-none-eabi/12.3.1/../../../../arm-none-eabi/lib/thumb/v7e-m+fp/hard/libc_nano.a(libc_a-malloc.o)
                              ./Core/Src/task_list.o (free)
/home/nam/st/stm32cubeide_1.16.0/plugins/com.st.stm32cube.ide.mcu.externaltools.gnu-tools-for-stm32.12.3.rel1.linux64_1.0.200.202406132123/tools/bin/../lib/gcc/arm-none-eabi/12.3.1/../../../../arm-none-eabi/lib/thumb/v7e-m+fp/hard/libc_nano.a(libc_a-mallocr.o)
                              /home/nam/st/stm32cubeide_1.16.0/plugins/com.st.stm32cube.ide.mcu.externaltools.gnu-tools-for-stm32.12.3.rel1.linux64_1.0.200.202406132123/tools/bin/../lib/gcc/arm-none-eabi/12.3.1/../../../../arm-none-eabi/lib/thumb/v7e-m+fp/hard/libc_nano.a(libc_a-callocr.o) (_malloc_r)
/home/nam/st/stm32cubeide_1.16.0/plugins/com.st.stm32cube.ide.mcu.externaltools.gnu-tools-for-stm32.12.3.rel1.linux64_1.0.200.202406132123/tools/bin/../lib/gcc/arm-none-eabi/12.3.1/../../../../arm-none-eabi/lib/thumb/v7e-m+fp/hard/libc_nano.a(libc_a-mlock.o)
                              /home/nam/st/stm32cubeide_1.16.0/plugins/com.st.stm32cube.ide.mcu.externaltools.gnu-tools-for-stm32.12.3.rel1.linux64_1.0.200.202406132123/tools/bin/../lib/gcc/arm-none-eabi/12.3.1/../../../../arm-none-eabi/lib/thumb/v7e-m+fp/hard/libc_nano.a(libc_a-mallocr.o) (__malloc_lock)
/home/nam/st/stm32cubeide_1.16.0/plugins/com.st.stm32cube.ide.mcu.externaltools.gnu-tools-for-stm32.12.3.rel1.linux64_1.0.200.202406132123/tools/bin/../lib/gcc/arm-none-eabi/12.3.1/../../../../arm-none-eabi/lib/thumb/v7e-m+fp/hard/libc_nano.a(libc_a-findfp.o)
                              /home/nam/st/stm32cubeide_1.16.0/plugins/com.st.stm32cube.ide.mcu.externaltools.gnu-tools-for-stm32.12.3.rel1.linux64_1.0.200.202406132123/tools/bin/../lib/gcc/arm-none-eabi/12.3.1/../../../../arm-none-eabi/lib/thumb/v7e-m+fp/hard/libc_nano.a(libc_a-exit.o) (__stdio_exit_handler)
/home/nam/st/stm32cubeide_1.16.0/plugins/com.st.stm32cube.ide.mcu.externaltools.gnu-tools-for-stm32.12.3.rel1.linux64_1.0.200.202406132123/tools/bin/../lib/gcc/arm-none-eabi/12.3.1/../../../../arm-none-eabi/lib/thumb/v7e-m+fp/hard/libc_nano.a(libc_a-fwalk.o)
                              /home/nam/st/stm32cubeide_1.16.0/plugins/com.st.stm32cube.ide.mcu.externaltools.gnu-tools-for-stm32.12.3.rel1.linux64_1.0.200.202406132123/tools/bin/../lib/gcc/arm-none-eabi/12.3.1/../../../../arm-none-eabi/lib/thumb/v7e-m+fp/hard/libc_nano.a(libc_a-findfp.o) (_fwalk_sglue)
/home/nam/st/stm32cubeide_1.16.0/plugins/com.st.stm32cube.ide.mcu.externaltools.gnu-tools-for-stm32.12.3.rel1.linux64_1.0.200.202406132123/tools/bin/../lib/gcc/arm-none-eabi/12.3.1/../../../../arm-none-eabi/lib/thumb/v7e-m+fp/hard/libc_nano.a(libc_a-stdio.o)
                              /home/nam/st/stm32cubeide_1.16.0/plugins/com.st.stm32cube.ide.mcu.externaltools.gnu-tools-for-stm32.12.3.rel1.linux64_1.0.200.202406132123/tools/bin/../lib/gcc/arm-none-eabi/12.3.1/../../../../arm-none-eabi/lib/thumb/v7e-m+fp/hard/libc_nano.a(libc_a-findfp.o) (__sread)
/home/nam/st/stm32cubeide_1.16.0/plugins/com.st.stm32cube.ide.mcu.externaltools.gnu-tools-for-stm32.12.3.rel1.linux64_1.0.200.202406132123/tools/bin/../lib/gcc/arm-none-eabi/12.3.1/../../../../arm-none-eabi/lib/thumb/v7e-m+fp/hard/libc_nano.a(libc_a-memset.o)
[...]
Memory Configuration

Name             Origin             Length             Attributes
CCMRAM           0x10000000         0x00010000         xrw
RAM              0x20000000         0x00020000         xrw
FLASH            0x08000000         0x00100000         xr
*default*        0x00000000         0xffffffff

Linker script and memory map

LOAD /home/nam/st/stm32cubeide_1.16.0/plugins/com.st.stm32cube.ide.mcu.externaltools.gnu-tools-for-stm32.12.3.rel1.linux64_1.0.200.202406132123/tools/bin/../lib/gcc/arm-none-eabi/12.3.1/thumb/v7e-m+fp/hard/crti.o
LOAD /home/nam/st/stm32cubeide_1.16.0/plugins/com.st.stm32cube.ide.mcu.externaltools.gnu-tools-for-stm32.12.3.rel1.linux64_1.0.200.202406132123/tools/bin/../lib/gcc/arm-none-eabi/12.3.1/thumb/v7e-m+fp/hard/crtbegin.o
LOAD /home/nam/st/stm32cubeide_1.16.0/plugins/com.st.stm32cube.ide.mcu.externaltools.gnu-tools-for-stm32.12.3.rel1.linux64_1.0.200.202406132123/tools/bin/../lib/gcc/arm-none-eabi/12.3.1/../../../../arm-none-eabi/lib/thumb/v7e-m+fp/hard/crt0.o
LOAD ./Core/Src/CRC.o
LOAD ./Core/Src/bootloader.o
LOAD ./Core/Src/flash.o
LOAD ./Core/Src/led_bootloader.o
LOAD ./Core/Src/main.o
LOAD ./Core/Src/stm32f4xx_hal_msp.o
LOAD ./Core/Src/stm32f4xx_it.o
LOAD ./Core/Src/syscalls.o
LOAD ./Core/Src/sysmem.o
LOAD ./Core/Src/system_stm32f4xx.o
LOAD ./Core/Src/task_list.o
LOAD ./Core/Src/usb_handle.o
LOAD ./Core/Startup/startup_stm32f407vgtx.o
LOAD ./Drivers/STM32F4xx_HAL_Driver/Src/stm32f4xx_hal.o
LOAD ./Drivers/STM32F4xx_HAL_Driver/Src/stm32f4xx_hal_cortex.o
LOAD ./Drivers/STM32F4xx_HAL_Driver/Src/stm32f4xx_hal_dma.o
LOAD ./Drivers/STM32F4xx_HAL_Driver/Src/stm32f4xx_hal_dma_ex.o
LOAD ./Drivers/STM32F4xx_HAL_Driver/Src/stm32f4xx_hal_exti.o
LOAD ./Drivers/STM32F4xx_HAL_Driver/Src/stm32f4xx_hal_flash.o
LOAD ./Drivers/STM32F4xx_HAL_Driver/Src/stm32f4xx_hal_flash_ex.o
LOAD ./Drivers/STM32F4xx_HAL_Driver/Src/stm32f4xx_hal_flash_ramfunc.o
LOAD ./Drivers/STM32F4xx_HAL_Driver/Src/stm32f4xx_hal_gpio.o
LOAD ./Drivers/STM32F4xx_HAL_Driver/Src/stm32f4xx_hal_pcd.o
LOAD ./Drivers/STM32F4xx_HAL_Driver/Src/stm32f4xx_hal_pcd_ex.o
LOAD ./Drivers/STM32F4xx_HAL_Driver/Src/stm32f4xx_hal_pwr.o
LOAD ./Drivers/STM32F4xx_HAL_Driver/Src/stm32f4xx_hal_pwr_ex.o
LOAD ./Drivers/STM32F4xx_HAL_Driver/Src/stm32f4xx_hal_rcc.o
LOAD ./Drivers/STM32F4xx_HAL_Driver/Src/stm32f4xx_hal_rcc_ex.o
LOAD ./Drivers/STM32F4xx_HAL_Driver/Src/stm32f4xx_hal_tim.o
LOAD ./Drivers/STM32F4xx_HAL_Driver/Src/stm32f4xx_hal_tim_ex.o
LOAD ./Drivers/STM32F4xx_HAL_Driver/Src/stm32f4xx_ll_usb.o
LOAD ./Middlewares/ST/STM32_USB_Device_Library/Class/CDC/Src/usbd_cdc.o
LOAD ./Middlewares/ST/STM32_USB_Device_Library/Core/Src/usbd_core.o
LOAD ./Middlewares/ST/STM32_USB_Device_Library/Core/Src/usbd_ctlreq.o
LOAD ./Middlewares/ST/STM32_USB_Device_Library/Core/Src/usbd_ioreq.o
LOAD ./USB_DEVICE/App/usb_device.o
LOAD ./USB_DEVICE/App/usbd_cdc_if.o
LOAD ./USB_DEVICE/App/usbd_desc.o
LOAD ./USB_DEVICE/Target/usbd_conf.o
START GROUP
LOAD /home/nam/st/stm32cubeide_1.16.0/plugins/com.st.stm32cube.ide.mcu.externaltools.gnu-tools-for-stm32.12.3.rel1.linux64_1.0.200.202406132123/tools/bin/../lib/gcc/arm-none-eabi/12.3.1/../../../../arm-none-eabi/lib/thumb/v7e-m+fp/hard/libc_nano.a
LOAD /home/nam/st/stm32cubeide_1.16.0/plugins/com.st.stm32cube.ide.mcu.externaltools.gnu-tools-for-stm32.12.3.rel1.linux64_1.0.200.202406132123/tools/bin/../lib/gcc/arm-none-eabi/12.3.1/../../../../arm-none-eabi/lib/thumb/v7e-m+fp/hard/libm.a
END GROUP
START GROUP
LOAD /home/nam/st/stm32cubeide_1.16.0/plugins/com.st.stm32cube.ide.mcu.externaltools.gnu-tools-for-stm32.12.3.rel1.linux64_1.0.200.202406132123/tools/bin/../lib/gcc/arm-none-eabi/12.3.1/thumb/v7e-m+fp/hard/libgcc.a
LOAD /home/nam/st/stm32cubeide_1.16.0/plugins/com.st.stm32cube.ide.mcu.externaltools.gnu-tools-for-stm32.12.3.rel1.linux64_1.0.200.202406132123/tools/bin/../lib/gcc/arm-none-eabi/12.3.1/../../../../arm-none-eabi/lib/thumb/v7e-m+fp/hard/libc_nano.a
END GROUP
START GROUP
LOAD /home/nam/st/stm32cubeide_1.16.0/plugins/com.st.stm32cube.ide.mcu.externaltools.gnu-tools-for-stm32.12.3.rel1.linux64_1.0.200.202406132123/tools/bin/../lib/gcc/arm-none-eabi/12.3.1/thumb/v7e-m+fp/hard/libgcc.a
LOAD /home/nam/st/stm32cubeide_1.16.0/plugins/com.st.stm32cube.ide.mcu.externaltools.gnu-tools-for-stm32.12.3.rel1.linux64_1.0.200.202406132123/tools/bin/../lib/gcc/arm-none-eabi/12.3.1/../../../../arm-none-eabi/lib/thumb/v7e-m+fp/hard/libc_nano.a
LOAD /home/nam/st/stm32cubeide_1.16.0/plugins/com.st.stm32cube.ide.mcu.externaltools.gnu-tools-for-stm32.12.3.rel1.linux64_1.0.200.202406132123/tools/bin/../lib/gcc/arm-none-eabi/12.3.1/../../../../arm-none-eabi/lib/thumb/v7e-m+fp/hard/libnosys.a
END GROUP
START GROUP
LOAD /home/nam/st/stm32cubeide_1.16.0/plugins/com.st.stm32cube.ide.mcu.externaltools.gnu-tools-for-stm32.12.3.rel1.linux64_1.0.200.202406132123/tools/bin/../lib/gcc/arm-none-eabi/12.3.1/thumb/v7e-m+fp/hard/libgcc.a
LOAD /home/nam/st/stm32cubeide_1.16.0/plugins/com.st.stm32cube.ide.mcu.externaltools.gnu-tools-for-stm32.12.3.rel1.linux64_1.0.200.202406132123/tools/bin/../lib/gcc/arm-none-eabi/12.3.1/../../../../arm-none-eabi/lib/thumb/v7e-m+fp/hard/libc_nano.a
LOAD /home/nam/st/stm32cubeide_1.16.0/plugins/com.st.stm32cube.ide.mcu.externaltools.gnu-tools-for-stm32.12.3.rel1.linux64_1.0.200.202406132123/tools/bin/../lib/gcc/arm-none-eabi/12.3.1/../../../../arm-none-eabi/lib/thumb/v7e-m+fp/hard/libnosys.a
END GROUP
LOAD /home/nam/st/stm32cubeide_1.16.0/plugins/com.st.stm32cube.ide.mcu.externaltools.gnu-tools-for-stm32.12.3.rel1.linux64_1.0.200.202406132123/tools/bin/../lib/gcc/arm-none-eabi/12.3.1/thumb/v7e-m+fp/hard/crtend.o
LOAD /home/nam/st/stm32cubeide_1.16.0/plugins/com.st.stm32cube.ide.mcu.externaltools.gnu-tools-for-stm32.12.3.rel1.linux64_1.0.200.202406132123/tools/bin/../lib/gcc/arm-none-eabi/12.3.1/thumb/v7e-m+fp/hard/crtn.o
                0x20020000                        _estack = (ORIGIN (RAM) + LENGTH (RAM))
                0x00000200                        _Min_Heap_Size = 0x200
                0x00000400                        _Min_Stack_Size = 0x400

.isr_vector     0x08000000      0x188
                0x08000000                        . = ALIGN (0x4)
 *(.isr_vector)
 .isr_vector    0x08000000      0x188 ./Core/Startup/startup_stm32f407vgtx.o
                0x08000000                g_pfnVectors
                0x08000188                        . = ALIGN (0x4)

.text           0x08000188     0x7c40
                0x08000188                        . = ALIGN (0x4)
 *(.text)
 .text          0x08000188       0x40 /home/nam/st/stm32cubeide_1.16.0/plugins/com.st.stm32cube.ide.mcu.externaltools.gnu-tools-for-stm32.12.3.rel1.linux64_1.0.200.202406132123/tools/bin/../lib/gcc/arm-none-eabi/12.3.1/thumb/v7e-m+fp/hard/crtbegin.o
 .text          0x080001c8       0x30 /home/nam/st/stm32cubeide_1.16.0/plugins/com.st.stm32cube.ide.mcu.externaltools.gnu-tools-for-stm32.12.3.rel1.linux64_1.0.200.202406132123/tools/bin/../lib/gcc/arm-none-eabi/12.3.1/thumb/v7e-m+fp/hard/libgcc.a(_aeabi_uldivmod.o)
                0x080001c8                __aeabi_uldivmod
 .text          0x080001f8      0x2bc /home/nam/st/stm32cubeide_1.16.0/plugins/com.st.stm32cube.ide.mcu.externaltools.gnu-tools-for-stm32.12.3.rel1.linux64_1.0.200.202406132123/tools/bin/../lib/gcc/arm-none-eabi/12.3.1/thumb/v7e-m+fp/hard/libgcc.a(_udivmoddi4.o)
                0x080001f8                __udivmoddi4
 .text          0x080004b4        0x4 /home/nam/st/stm32cubeide_1.16.0/plugins/com.st.stm32cube.ide.mcu.externaltools.gnu-tools-for-stm32.12.3.rel1.linux64_1.0.200.202406132123/tools/bin/../lib/gcc/arm-none-eabi/12.3.1/thumb/v7e-m+fp/hard/libgcc.a(_dvmd_tls.o)
                0x080004b4                __aeabi_ldiv0
                0x080004b4                __aeabi_idiv0
 *(.text*)
 .text.CRC_CalculateCRC16
                0x080004b8       0x8e ./Core/Src/CRC.o
                0x080004b8                CRC_CalculateCRC16
 *fill*         0x08000546        0x2 
 .text.start_boot_checking
                0x08000548       0x30 ./Core/Src/bootloader.o
                0x08000548                start_boot_checking
 .text.goto_application
                0x08000578       0x44 ./Core/Src/bootloader.o
                0x08000578                goto_application
 .text.hex_line_handler
                0x080005bc       0xc4 ./Core/Src/bootloader.o
                0x080005bc                hex_line_handler
 .text.flash_erase
                0x08000680       0x4e ./Core/Src/flash.o
                0x08000680                flash_erase
 .text.flash_write
                0x080006ce       0x58 ./Core/Src/flash.o
                0x080006ce                flash_write
 .text.led_ctrl
                0x08000726       0x46 ./Core/Src/led_bootloader.o
                0x08000726                led_ctrl
 .text.led_increase_counter
                0x0800076c       0x24 ./Core/Src/led_bootloader.o
                0x0800076c                led_increase_counter
 .text.led_set_counter
                0x08000790       0x22 ./Core/Src/led_bootloader.o
                0x08000790                led_set_counter
 *fill*         0x080007b2        0x2 
 .text.HAL_IncTick
                0x080007b4       0x2c ./Core/Src/main.o
                0x080007b4                HAL_IncTick
 .text.main     0x080007e0       0x60 ./Core/Src/main.o
                0x080007e0                main
 .text.SystemClock_Config
                0x08000840       0xd4 ./Core/Src/main.o
                0x08000840                SystemClock_Config
 .text.MX_GPIO_Init
                0x08000914       0xdc ./Core/Src/main.o
 .text.Error_Handler
                0x080009f0        0xc ./Core/Src/main.o
                0x080009f0                Error_Handler
 .text.HAL_MspInit
                0x080009fc       0x50 ./Core/Src/stm32f4xx_hal_msp.o
                0x080009fc                HAL_MspInit
 .text.NMI_Handler
                0x08000a4c        0x8 ./Core/Src/stm32f4xx_it.o
                0x08000a4c                NMI_Handler
 .text.HardFault_Handler
                0x08000a54        0x8 ./Core/Src/stm32f4xx_it.o
                0x08000a54                HardFault_Handler
 .text.MemManage_Handler
                0x08000a5c        0x8 ./Core/Src/stm32f4xx_it.o
                0x08000a5c                MemManage_Handler
 .text.BusFault_Handler
                0x08000a64        0x8 ./Core/Src/stm32f4xx_it.o
                0x08000a64                BusFault_Handler
 .text.UsageFault_Handler
                0x08000a6c        0x8 ./Core/Src/stm32f4xx_it.o
                0x08000a6c                UsageFault_Handler
 .text.SVC_Handler
                0x08000a74        0xe ./Core/Src/stm32f4xx_it.o
                0x08000a74                SVC_Handler
 .text.DebugMon_Handler
                0x08000a82        0xe ./Core/Src/stm32f4xx_it.o
                0x08000a82                DebugMon_Handler
 .text.PendSV_Handler
                0x08000a90        0xe ./Core/Src/stm32f4xx_it.o
                0x08000a90                PendSV_Handler
 .text.SysTick_Handler
                0x08000a9e        0xc ./Core/Src/stm32f4xx_it.o
                0x08000a9e                SysTick_Handler
 *fill*         0x08000aaa        0x2 
 .text.OTG_FS_IRQHandler
                0x08000aac       0x14 ./Core/Src/stm32f4xx_it.o
                0x08000aac                OTG_FS_IRQHandler
 .text._sbrk    0x08000ac0       0x6c ./Core/Src/sysmem.o
                0x08000ac0                _sbrk
 .text.SystemInit
                0x08000b2c       0x24 ./Core/Src/system_stm32f4xx.o
                0x08000b2c                SystemInit
 .text.queue_is_empty
                0x08000b50       0x34 ./Core/Src/task_list.o
                0x08000b50                queue_is_empty
 .text.put_task_to_queue
                0x08000b84       0xa8 ./Core/Src/task_list.o
                0x08000b84                put_task_to_queue
 .text.get_new_task
                0x08000c2c       0x76 ./Core/Src/task_list.o
                0x08000c2c                get_new_task
 .text.init_queue
                0x08000ca2       0x6e ./Core/Src/task_list.o
                0x08000ca2                init_queue
 .text.usb_handle_packet
                0x08000d10      0x164 ./Core/Src/usb_handle.o
                0x08000d10                usb_handle_packet
 .text.usb_response_pkt
                0x08000e74       0x1a ./Core/Src/usb_handle.o
                0x08000e74                usb_response_pkt
 *fill*         0x08000e8e        0x2 
 .text.Reset_Handler
                0x08000e90       0x50 ./Core/Startup/startup_stm32f407vgtx.o
                0x08000e90                Reset_Handler
 .text.Default_Handler
                0x08000ee0        0x2 ./Core/Startup/startup_stm32f407vgtx.o
                0x08000ee0                RTC_Alarm_IRQHandler
                0x08000ee0                HASH_RNG_IRQHandler
                0x08000ee0                EXTI2_IRQHandler
                0x08000ee0                TIM8_CC_IRQHandler
                0x08000ee0                TIM1_CC_IRQHandler
                0x08000ee0                DMA2_Stream5_IRQHandler
                0x08000ee0                DMA1_Stream5_IRQHandler
                0x08000ee0                PVD_IRQHandler
                0x08000ee0                SDIO_IRQHandler
                0x08000ee0                TAMP_STAMP_IRQHandler
                0x08000ee0                CAN2_RX1_IRQHandler
                0x08000ee0                EXTI3_IRQHandler
                0x08000ee0                TIM8_TRG_COM_TIM14_IRQHandler
                0x08000ee0                TIM1_UP_TIM10_IRQHandler
                0x08000ee0                TIM8_UP_TIM13_IRQHandler
                0x08000ee0                I2C3_ER_IRQHandler
                0x08000ee0                EXTI0_IRQHandler
                0x08000ee0                I2C2_EV_IRQHandler
                0x08000ee0                DMA1_Stream2_IRQHandler
                0x08000ee0                CAN1_RX0_IRQHandler
                0x08000ee0                FPU_IRQHandler
                0x08000ee0                OTG_HS_WKUP_IRQHandler
                0x08000ee0                CAN2_SCE_IRQHandler
                0x08000ee0                DMA2_Stream2_IRQHandler
                0x08000ee0                SPI1_IRQHandler
                0x08000ee0                TIM6_DAC_IRQHandler
                0x08000ee0                TIM1_BRK_TIM9_IRQHandler
                0x08000ee0                DCMI_IRQHandler
                0x08000ee0                CAN2_RX0_IRQHandler
                0x08000ee0                DMA2_Stream3_IRQHandler
                0x08000ee0                USART6_IRQHandler
                0x08000ee0                USART3_IRQHandler
                0x08000ee0                CAN1_RX1_IRQHandler
                0x08000ee0                UART5_IRQHandler
                0x08000ee0                DMA2_Stream0_IRQHandler
                0x08000ee0                TIM4_IRQHandler
                0x08000ee0                I2C1_EV_IRQHandler
                0x08000ee0                DMA1_Stream6_IRQHandler
                0x08000ee0                DMA1_Stream1_IRQHandler
                0x08000ee0                UART4_IRQHandler
                0x08000ee0                TIM3_IRQHandler
                0x08000ee0                RCC_IRQHandler
                0x08000ee0                TIM8_BRK_TIM12_IRQHandler
                0x08000ee0                Default_Handler
                0x08000ee0                EXTI15_10_IRQHandler
                0x08000ee0                ADC_IRQHandler
                0x08000ee0                DMA1_Stream7_IRQHandler
                0x08000ee0                TIM7_IRQHandler
                0x08000ee0                CAN2_TX_IRQHandler
                0x08000ee0                TIM5_IRQHandler
                0x08000ee0                DMA2_Stream7_IRQHandler
                0x08000ee0                I2C3_EV_IRQHandler
                0x08000ee0                EXTI9_5_IRQHandler
                0x08000ee0                RTC_WKUP_IRQHandler
                0x08000ee0                ETH_WKUP_IRQHandler
                0x08000ee0                SPI2_IRQHandler
                0x08000ee0                OTG_HS_EP1_IN_IRQHandler
                0x08000ee0                DMA1_Stream0_IRQHandler
                0x08000ee0                CAN1_TX_IRQHandler
                0x08000ee0                EXTI4_IRQHandler
                0x08000ee0                FSMC_IRQHandler
                0x08000ee0                ETH_IRQHandler
                0x08000ee0                OTG_HS_EP1_OUT_IRQHandler
                0x08000ee0                WWDG_IRQHandler
                0x08000ee0                TIM2_IRQHandler
                0x08000ee0                OTG_FS_WKUP_IRQHandler
                0x08000ee0                TIM1_TRG_COM_TIM11_IRQHandler
                0x08000ee0                OTG_HS_IRQHandler
                0x08000ee0                EXTI1_IRQHandler
                0x08000ee0                USART2_IRQHandler
                0x08000ee0                I2C2_ER_IRQHandler
                0x08000ee0                DMA2_Stream1_IRQHandler
                0x08000ee0                CAN1_SCE_IRQHandler
                0x08000ee0                FLASH_IRQHandler
                0x08000ee0                DMA2_Stream4_IRQHandler
                0x08000ee0                USART1_IRQHandler
                0x08000ee0                SPI3_IRQHandler
                0x08000ee0                DMA1_Stream4_IRQHandler
                0x08000ee0                I2C1_ER_IRQHandler
                0x08000ee0                DMA2_Stream6_IRQHandler
                0x08000ee0                DMA1_Stream3_IRQHandler
 *fill*         0x08000ee2        0x2 
 .text.HAL_Init
                0x08000ee4       0x44 ./Drivers/STM32F4xx_HAL_Driver/Src/stm32f4xx_hal.o
                0x08000ee4                HAL_Init
 .text.HAL_DeInit
                0x08000f28       0x5c ./Drivers/STM32F4xx_HAL_Driver/Src/stm32f4xx_hal.o
                0x08000f28                HAL_DeInit
 .text.HAL_MspDeInit
                0x08000f84        0xe ./Drivers/STM32F4xx_HAL_Driver/Src/stm32f4xx_hal.o
                0x08000f84                HAL_MspDeInit
 *fill*         0x08000f92        0x2 
 .text.HAL_InitTick
                0x08000f94       0x60 ./Drivers/STM32F4xx_HAL_Driver/Src/stm32f4xx_hal.o
                0x08000f94                HAL_InitTick
 .text.HAL_GetTick
                0x08000ff4       0x18 ./Drivers/STM32F4xx_HAL_Driver/Src/stm32f4xx_hal.o
                0x08000ff4                HAL_GetTick
 .text.HAL_Delay
                0x0800100c       0x48 ./Drivers/STM32F4xx_HAL_Driver/Src/stm32f4xx_hal.o
                0x0800100c                HAL_Delay
 .text.__NVIC_SetPriorityGrouping
                0x08001054       0x48 ./Drivers/STM32F4xx_HAL_Driver/Src/stm32f4xx_hal_cortex.o
 .text.__NVIC_GetPriorityGrouping
                0x0800109c       0x1c ./Drivers/STM32F4xx_HAL_Driver/Src/stm32f4xx_hal_cortex.o
 .text.__NVIC_EnableIRQ
                0x080010b8       0x3c ./Drivers/STM32F4xx_HAL_Driver/Src/stm32f4xx_hal_cortex.o
 .text.__NVIC_SetPriority
                0x080010f4       0x54 ./Drivers/STM32F4xx_HAL_Driver/Src/stm32f4xx_hal_cortex.o
 .text.NVIC_EncodePriority
                0x08001148       0x66 ./Drivers/STM32F4xx_HAL_Driver/Src/stm32f4xx_hal_cortex.o
 *fill*         0x080011ae        0x2 
 .text.SysTick_Config
                0x080011b0       0x44 ./Drivers/STM32F4xx_HAL_Driver/Src/stm32f4xx_hal_cortex.o
 .text.HAL_NVIC_SetPriorityGrouping
                0x080011f4       0x16 ./Drivers/STM32F4xx_HAL_Driver/Src/stm32f4xx_hal_cortex.o
                0x080011f4                HAL_NVIC_SetPriorityGrouping
 .text.HAL_NVIC_SetPriority
                0x0800120a       0x38 ./Drivers/STM32F4xx_HAL_Driver/Src/stm32f4xx_hal_cortex.o
                0x0800120a                HAL_NVIC_SetPriority
 .text.HAL_NVIC_EnableIRQ
                0x08001242       0x1c ./Drivers/STM32F4xx_HAL_Driver/Src/stm32f4xx_hal_cortex.o
                0x08001242                HAL_NVIC_EnableIRQ
 .text.HAL_SYSTICK_Config
                0x0800125e       0x18 ./Drivers/STM32F4xx_HAL_Driver/Src/stm32f4xx_hal_cortex.o
                0x0800125e                HAL_SYSTICK_Config
 *fill*         0x08001276        0x2 
 .text.HAL_FLASH_Program
                0x08001278       0xa8 ./Drivers/STM32F4xx_HAL_Driver/Src/stm32f4xx_hal_flash.o
                0x08001278                HAL_FLASH_Program
 .text.HAL_FLASH_Unlock
                0x08001320       0x44 ./Drivers/STM32F4xx_HAL_Driver/Src/stm32f4xx_hal_flash.o
                0x08001320                HAL_FLASH_Unlock
 .text.HAL_FLASH_Lock
                0x08001364       0x20 ./Drivers/STM32F4xx_HAL_Driver/Src/stm32f4xx_hal_flash.o
                0x08001364                HAL_FLASH_Lock
 .text.FLASH_WaitForLastOperation
                0x08001384       0x80 ./Drivers/STM32F4xx_HAL_Driver/Src/stm32f4xx_hal_flash.o
                0x08001384                FLASH_WaitForLastOperation
 .text.FLASH_Program_DoubleWord
                0x08001404       0x64 ./Drivers/STM32F4xx_HAL_Driver/Src/stm32f4xx_hal_flash.o
 .text.FLASH_Program_Word
                0x08001468       0x44 ./Drivers/STM32F4xx_HAL_Driver/Src/stm32f4xx_hal_flash.o
 .text.FLASH_Program_HalfWord
                0x080014ac       0x48 ./Drivers/STM32F4xx_HAL_Driver/Src/stm32f4xx_hal_flash.o
 .text.FLASH_Program_Byte
                0x080014f4       0x44 ./Drivers/STM32F4xx_HAL_Driver/Src/stm32f4xx_hal_flash.o
 .text.FLASH_SetErrorCode
                0x08001538       0xac ./Drivers/STM32F4xx_HAL_Driver/Src/stm32f4xx_hal_flash.o
 .text.HAL_FLASHEx_Erase
                0x080015e4       0xe0 ./Drivers/STM32F4xx_HAL_Driver/Src/stm32f4xx_hal_flash_ex.o
                0x080015e4                HAL_FLASHEx_Erase
 .text.FLASH_MassErase
                0x080016c4       0x48 ./Drivers/STM32F4xx_HAL_Driver/Src/stm32f4xx_hal_flash_ex.o
 .text.FLASH_Erase_Sector
                0x0800170c       0x90 ./Drivers/STM32F4xx_HAL_Driver/Src/stm32f4xx_hal_flash_ex.o
                0x0800170c                FLASH_Erase_Sector
 .text.FLASH_FlushCaches
                0x0800179c       0x8c ./Drivers/STM32F4xx_HAL_Driver/Src/stm32f4xx_hal_flash_ex.o
                0x0800179c                FLASH_FlushCaches
 .text.HAL_GPIO_Init
                0x08001828      0x338 ./Drivers/STM32F4xx_HAL_Driver/Src/stm32f4xx_hal_gpio.o
                0x08001828                HAL_GPIO_Init
 .text.HAL_GPIO_ReadPin
                0x08001b60       0x30 ./Drivers/STM32F4xx_HAL_Driver/Src/stm32f4xx_hal_gpio.o
                0x08001b60                HAL_GPIO_ReadPin
 .text.HAL_GPIO_WritePin
                0x08001b90       0x32 ./Drivers/STM32F4xx_HAL_Driver/Src/stm32f4xx_hal_gpio.o
                0x08001b90                HAL_GPIO_WritePin
 .text.HAL_PCD_Init
                0x08001bc2      0x21e ./Drivers/STM32F4xx_HAL_Driver/Src/stm32f4xx_hal_pcd.o
                0x08001bc2                HAL_PCD_Init
 .text.HAL_PCD_Start
                0x08001de0       0x6a ./Drivers/STM32F4xx_HAL_Driver/Src/stm32f4xx_hal_pcd.o
                0x08001de0                HAL_PCD_Start
 .text.HAL_PCD_IRQHandler
                0x08001e4a      0x942 ./Drivers/STM32F4xx_HAL_Driver/Src/stm32f4xx_hal_pcd.o
                0x08001e4a                HAL_PCD_IRQHandler
 .text.HAL_PCD_SetAddress
                0x0800278c       0x48 ./Drivers/STM32F4xx_HAL_Driver/Src/stm32f4xx_hal_pcd.o
                0x0800278c                HAL_PCD_SetAddress
 .text.HAL_PCD_EP_Open
                0x080027d4       0xd4 ./Drivers/STM32F4xx_HAL_Driver/Src/stm32f4xx_hal_pcd.o
                0x080027d4                HAL_PCD_EP_Open
 .text.HAL_PCD_EP_Close
                0x080028a8       0x94 ./Drivers/STM32F4xx_HAL_Driver/Src/stm32f4xx_hal_pcd.o
                0x080028a8                HAL_PCD_EP_Close
 .text.HAL_PCD_EP_Receive
                0x0800293c       0x76 ./Drivers/STM32F4xx_HAL_Driver/Src/stm32f4xx_hal_pcd.o
                0x0800293c                HAL_PCD_EP_Receive
 .text.HAL_PCD_EP_GetRxCount
                0x080029b2       0x30 ./Drivers/STM32F4xx_HAL_Driver/Src/stm32f4xx_hal_pcd.o
                0x080029b2                HAL_PCD_EP_GetRxCount
 .text.HAL_PCD_EP_Transmit
                0x080029e2       0x74 ./Drivers/STM32F4xx_HAL_Driver/Src/stm32f4xx_hal_pcd.o
                0x080029e2                HAL_PCD_EP_Transmit
 .text.HAL_PCD_EP_SetStall
                0x08002a56       0xc6 ./Drivers/STM32F4xx_HAL_Driver/Src/stm32f4xx_hal_pcd.o
                0x08002a56                HAL_PCD_EP_SetStall
 .text.HAL_PCD_EP_ClrStall
                0x08002b1c       0xac ./Drivers/STM32F4xx_HAL_Driver/Src/stm32f4xx_hal_pcd.o
                0x08002b1c                HAL_PCD_EP_ClrStall
 .text.HAL_PCD_EP_Abort
                0x08002bc8       0x62 ./Drivers/STM32F4xx_HAL_Driver/Src/stm32f4xx_hal_pcd.o
                0x08002bc8                HAL_PCD_EP_Abort
 .text.PCD_WriteEmptyTxFifo
                0x08002c2a      0x118 ./Drivers/STM32F4xx_HAL_Driver/Src/stm32f4xx_hal_pcd.o
 *fill*         0x08002d42        0x2 
 .text.PCD_EP_OutXfrComplete_int
                0x08002d44      0x1d0 ./Drivers/STM32F4xx_HAL_Driver/Src/stm32f4xx_hal_pcd.o
 .text.PCD_EP_OutSetupPacket_int
                0x08002f14       0x8c ./Drivers/STM32F4xx_HAL_Driver/Src/stm32f4xx_hal_pcd.o
 .text.HAL_PCDEx_SetTxFiFo
                0x08002fa0       0x8e ./Drivers/STM32F4xx_HAL_Driver/Src/stm32f4xx_hal_pcd_ex.o
                0x08002fa0                HAL_PCDEx_SetTxFiFo
 .text.HAL_PCDEx_SetRxFiFo
                0x0800302e       0x22 ./Drivers/STM32F4xx_HAL_Driver/Src/stm32f4xx_hal_pcd_ex.o
                0x0800302e                HAL_PCDEx_SetRxFiFo
 .text.HAL_PCDEx_LPM_Callback
                0x08003050       0x18 ./Drivers/STM32F4xx_HAL_Driver/Src/stm32f4xx_hal_pcd_ex.o
                0x08003050                HAL_PCDEx_LPM_Callback
 .text.HAL_RCC_OscConfig
                0x08003068      0x4f0 ./Drivers/STM32F4xx_HAL_Driver/Src/stm32f4xx_hal_rcc.o
                0x08003068                HAL_RCC_OscConfig
 .text.HAL_RCC_ClockConfig
                0x08003558      0x1cc ./Drivers/STM32F4xx_HAL_Driver/Src/stm32f4xx_hal_rcc.o
                0x08003558                HAL_RCC_ClockConfig
 .text.HAL_RCC_GetSysClockFreq
                0x08003724      0x20c ./Drivers/STM32F4xx_HAL_Driver/Src/stm32f4xx_hal_rcc.o
                0x08003724                HAL_RCC_GetSysClockFreq
 .text.HAL_RCC_GetHCLKFreq
                0x08003930       0x18 ./Drivers/STM32F4xx_HAL_Driver/Src/stm32f4xx_hal_rcc.o
                0x08003930                HAL_RCC_GetHCLKFreq
 .text.HAL_RCC_DeInit
                0x08003948      0x19c ./Drivers/STM32F4xx_HAL_Driver/Src/stm32f4xx_hal_rcc_ex.o
                0x08003948                HAL_RCC_DeInit
 .text.USB_CoreInit
                0x08003ae4       0xc8 ./Drivers/STM32F4xx_HAL_Driver/Src/stm32f4xx_ll_usb.o
                0x08003ae4                USB_CoreInit
 .text.USB_SetTurnaroundTime
                0x08003bac      0x144 ./Drivers/STM32F4xx_HAL_Driver/Src/stm32f4xx_ll_usb.o
                0x08003bac                USB_SetTurnaroundTime
 .text.USB_EnableGlobalInt
                0x08003cf0       0x22 ./Drivers/STM32F4xx_HAL_Driver/Src/stm32f4xx_ll_usb.o
                0x08003cf0                USB_EnableGlobalInt
 .text.USB_DisableGlobalInt
                0x08003d12       0x22 ./Drivers/STM32F4xx_HAL_Driver/Src/stm32f4xx_ll_usb.o
                0x08003d12                USB_DisableGlobalInt
 .text.USB_SetCurrentMode
                0x08003d34       0x98 ./Drivers/STM32F4xx_HAL_Driver/Src/stm32f4xx_ll_usb.o
                0x08003d34                USB_SetCurrentMode
 .text.USB_DevInit
                0x08003dcc      0x2c8 ./Drivers/STM32F4xx_HAL_Driver/Src/stm32f4xx_ll_usb.o
                0x08003dcc                USB_DevInit
 .text.USB_FlushTxFifo
                0x08004094       0x64 ./Drivers/STM32F4xx_HAL_Driver/Src/stm32f4xx_ll_usb.o
                0x08004094                USB_FlushTxFifo
 .text.USB_FlushRxFifo
                0x080040f8       0x5c ./Drivers/STM32F4xx_HAL_Driver/Src/stm32f4xx_ll_usb.o
                0x080040f8                USB_FlushRxFifo
 .text.USB_SetDevSpeed
                0x08004154       0x32 ./Drivers/STM32F4xx_HAL_Driver/Src/stm32f4xx_ll_usb.o
                0x08004154                USB_SetDevSpeed
 .text.USB_GetDevSpeed
                0x08004186       0x4a ./Drivers/STM32F4xx_HAL_Driver/Src/stm32f4xx_ll_usb.o
                0x08004186                USB_GetDevSpeed
 .text.USB_ActivateEndpoint
                0x080041d0      0x10e ./Drivers/STM32F4xx_HAL_Driver/Src/stm32f4xx_ll_usb.o
                0x080041d0                USB_ActivateEndpoint
 *fill*         0x080042de        0x2 
 .text.USB_DeactivateEndpoint
                0x080042e0      0x1b8 ./Drivers/STM32F4xx_HAL_Driver/Src/stm32f4xx_ll_usb.o
                0x080042e0                USB_DeactivateEndpoint
 .text.USB_EPStartXfer
                0x08004498      0x53c ./Drivers/STM32F4xx_HAL_Driver/Src/stm32f4xx_ll_usb.o
                0x08004498                USB_EPStartXfer
 .text.USB_EPStopXfer
                0x080049d4      0x154 ./Drivers/STM32F4xx_HAL_Driver/Src/stm32f4xx_ll_usb.o
                0x080049d4                USB_EPStopXfer
 .text.USB_WritePacket
                0x08004b28       0x7c ./Drivers/STM32F4xx_HAL_Driver/Src/stm32f4xx_ll_usb.o
                0x08004b28                USB_WritePacket
 .text.USB_ReadPacket
                0x08004ba4       0xb0 ./Drivers/STM32F4xx_HAL_Driver/Src/stm32f4xx_ll_usb.o
                0x08004ba4                USB_ReadPacket
 .text.USB_EPSetStall
                0x08004c54       0xdc ./Drivers/STM32F4xx_HAL_Driver/Src/stm32f4xx_ll_usb.o
                0x08004c54                USB_EPSetStall
 .text.USB_EPClearStall
                0x08004d30       0xcc ./Drivers/STM32F4xx_HAL_Driver/Src/stm32f4xx_ll_usb.o
                0x08004d30                USB_EPClearStall
 .text.USB_SetDevAddress
                0x08004dfc       0x4c ./Drivers/STM32F4xx_HAL_Driver/Src/stm32f4xx_ll_usb.o
                0x08004dfc                USB_SetDevAddress
 .text.USB_DevConnect
                0x08004e48       0x42 ./Drivers/STM32F4xx_HAL_Driver/Src/stm32f4xx_ll_usb.o
                0x08004e48                USB_DevConnect
 .text.USB_DevDisconnect
                0x08004e8a       0x42 ./Drivers/STM32F4xx_HAL_Driver/Src/stm32f4xx_ll_usb.o
                0x08004e8a                USB_DevDisconnect
 .text.USB_ReadInterrupts
                0x08004ecc       0x26 ./Drivers/STM32F4xx_HAL_Driver/Src/stm32f4xx_ll_usb.o
                0x08004ecc                USB_ReadInterrupts
 .text.USB_ReadDevAllOutEpInterrupt
                0x08004ef2       0x34 ./Drivers/STM32F4xx_HAL_Driver/Src/stm32f4xx_ll_usb.o
                0x08004ef2                USB_ReadDevAllOutEpInterrupt
 .text.USB_ReadDevAllInEpInterrupt
                0x08004f26       0x34 ./Drivers/STM32F4xx_HAL_Driver/Src/stm32f4xx_ll_usb.o
                0x08004f26                USB_ReadDevAllInEpInterrupt
 .text.USB_ReadDevOutEPInterrupt
                0x08004f5a       0x3c ./Drivers/STM32F4xx_HAL_Driver/Src/stm32f4xx_ll_usb.o
                0x08004f5a                USB_ReadDevOutEPInterrupt
 .text.USB_ReadDevInEPInterrupt
                0x08004f96       0x5c ./Drivers/STM32F4xx_HAL_Driver/Src/stm32f4xx_ll_usb.o
                0x08004f96                USB_ReadDevInEPInterrupt
 .text.USB_GetMode
                0x08004ff2       0x1c ./Drivers/STM32F4xx_HAL_Driver/Src/stm32f4xx_ll_usb.o
                0x08004ff2                USB_GetMode
 .text.USB_ActivateSetup
                0x0800500e       0x46 ./Drivers/STM32F4xx_HAL_Driver/Src/stm32f4xx_ll_usb.o
                0x0800500e                USB_ActivateSetup
 .text.USB_EP0_OutStart
                0x08005054       0xbc ./Drivers/STM32F4xx_HAL_Driver/Src/stm32f4xx_ll_usb.o
                0x08005054                USB_EP0_OutStart
 .text.USB_CoreReset
                0x08005110       0x62 ./Drivers/STM32F4xx_HAL_Driver/Src/stm32f4xx_ll_usb.o
 *fill*         0x08005172        0x2 
 .text.USBD_CDC_Init
                0x08005174      0x1f0 ./Middlewares/ST/STM32_USB_Device_Library/Class/CDC/Src/usbd_cdc.o
 .text.USBD_CDC_DeInit
                0x08005364      0x104 ./Middlewares/ST/STM32_USB_Device_Library/Class/CDC/Src/usbd_cdc.o
 .text.USBD_CDC_Setup
                0x08005468      0x1b8 ./Middlewares/ST/STM32_USB_Device_Library/Class/CDC/Src/usbd_cdc.o
 .text.USBD_CDC_DataIn
                0x08005620       0xfe ./Middlewares/ST/STM32_USB_Device_Library/Class/CDC/Src/usbd_cdc.o
 .text.USBD_CDC_DataOut
                0x0800571e       0x70 ./Middlewares/ST/STM32_USB_Device_Library/Class/CDC/Src/usbd_cdc.o
 .text.USBD_CDC_EP0_RxReady
                0x0800578e       0x74 ./Middlewares/ST/STM32_USB_Device_Library/Class/CDC/Src/usbd_cdc.o
 *fill*         0x08005802        0x2 
 .text.USBD_CDC_GetFSCfgDesc
                0x08005804       0x70 ./Middlewares/ST/STM32_USB_Device_Library/Class/CDC/Src/usbd_cdc.o
 .text.USBD_CDC_GetHSCfgDesc
                0x08005874       0x70 ./Middlewares/ST/STM32_USB_Device_Library/Class/CDC/Src/usbd_cdc.o
 .text.USBD_CDC_GetOtherSpeedCfgDesc
                0x080058e4       0x70 ./Middlewares/ST/STM32_USB_Device_Library/Class/CDC/Src/usbd_cdc.o
 .text.USBD_CDC_GetDeviceQualifierDescriptor
                0x08005954       0x20 ./Middlewares/ST/STM32_USB_Device_Library/Class/CDC/Src/usbd_cdc.o
                0x08005954                USBD_CDC_GetDeviceQualifierDescriptor
 .text.USBD_CDC_RegisterInterface
                0x08005974       0x34 ./Middlewares/ST/STM32_USB_Device_Library/Class/CDC/Src/usbd_cdc.o
                0x08005974                USBD_CDC_RegisterInterface
 .text.USBD_CDC_SetTxBuffer
                0x080059a8       0x44 ./Middlewares/ST/STM32_USB_Device_Library/Class/CDC/Src/usbd_cdc.o
                0x080059a8                USBD_CDC_SetTxBuffer
 .text.USBD_CDC_SetRxBuffer
                0x080059ec       0x3a ./Middlewares/ST/STM32_USB_Device_Library/Class/CDC/Src/usbd_cdc.o
                0x080059ec                USBD_CDC_SetRxBuffer
 *fill*         0x08005a26        0x2 
 .text.USBD_CDC_TransmitPacket
                0x08005a28       0x80 ./Middlewares/ST/STM32_USB_Device_Library/Class/CDC/Src/usbd_cdc.o
                0x08005a28                USBD_CDC_TransmitPacket
 .text.USBD_CDC_ReceivePacket
                0x08005aa8       0x6c ./Middlewares/ST/STM32_USB_Device_Library/Class/CDC/Src/usbd_cdc.o
                0x08005aa8                USBD_CDC_ReceivePacket
 .text.USBD_Init
                0x08005b14       0x60 ./Middlewares/ST/STM32_USB_Device_Library/Core/Src/usbd_core.o
                0x08005b14                USBD_Init
 .text.USBD_RegisterClass
                0x08005b74       0x6c ./Middlewares/ST/STM32_USB_Device_Library/Core/Src/usbd_core.o
                0x08005b74                USBD_RegisterClass
 .text.USBD_Start
                0x08005be0       0x18 ./Middlewares/ST/STM32_USB_Device_Library/Core/Src/usbd_core.o
                0x08005be0                USBD_Start
 .text.USBD_RunTestMode
                0x08005bf8       0x16 ./Middlewares/ST/STM32_USB_Device_Library/Core/Src/usbd_core.o
                0x08005bf8                USBD_RunTestMode
 .text.USBD_SetClassConfig
                0x08005c0e       0x38 ./Middlewares/ST/STM32_USB_Device_Library/Core/Src/usbd_core.o
                0x08005c0e                USBD_SetClassConfig
 .text.USBD_ClrClassConfig
                0x08005c46       0x34 ./Middlewares/ST/STM32_USB_Device_Library/Core/Src/usbd_core.o
                0x08005c46                USBD_ClrClassConfig
 .text.USBD_LL_SetupStage
                0x08005c7a       0xaa ./Middlewares/ST/STM32_USB_Device_Library/Core/Src/usbd_core.o
                0x08005c7a                USBD_LL_SetupStage
 .text.USBD_LL_DataOutStage
                0x08005d24      0x166 ./Middlewares/ST/STM32_USB_Device_Library/Core/Src/usbd_core.o
                0x08005d24                USBD_LL_DataOutStage
 .text.USBD_LL_DataInStage
                0x08005e8a      0x164 ./Middlewares/ST/STM32_USB_Device_Library/Core/Src/usbd_core.o
                0x08005e8a                USBD_LL_DataInStage
 .text.USBD_LL_Reset
                0x08005fee       0xa4 ./Middlewares/ST/STM32_USB_Device_Library/Core/Src/usbd_core.o
                0x08005fee                USBD_LL_Reset
 .text.USBD_LL_SetSpeed
                0x08006092       0x20 ./Middlewares/ST/STM32_USB_Device_Library/Core/Src/usbd_core.o
                0x08006092                USBD_LL_SetSpeed
 .text.USBD_LL_Suspend
                0x080060b2       0x38 ./Middlewares/ST/STM32_USB_Device_Library/Core/Src/usbd_core.o
                0x080060b2                USBD_LL_Suspend
 .text.USBD_LL_Resume
                0x080060ea       0x30 ./Middlewares/ST/STM32_USB_Device_Library/Core/Src/usbd_core.o
                0x080060ea                USBD_LL_Resume
 .text.USBD_LL_SOF
                0x0800611a       0x40 ./Middlewares/ST/STM32_USB_Device_Library/Core/Src/usbd_core.o
                0x0800611a                USBD_LL_SOF
 .text.USBD_LL_IsoINIncomplete
                0x0800615a       0x64 ./Middlewares/ST/STM32_USB_Device_Library/Core/Src/usbd_core.o
                0x0800615a                USBD_LL_IsoINIncomplete
 .text.USBD_LL_IsoOUTIncomplete
                0x080061be       0x64 ./Middlewares/ST/STM32_USB_Device_Library/Core/Src/usbd_core.o
                0x080061be                USBD_LL_IsoOUTIncomplete
 .text.USBD_LL_DevConnected
                0x08006222       0x16 ./Middlewares/ST/STM32_USB_Device_Library/Core/Src/usbd_core.o
                0x08006222                USBD_LL_DevConnected
 .text.USBD_LL_DevDisconnected
                0x08006238       0x46 ./Middlewares/ST/STM32_USB_Device_Library/Core/Src/usbd_core.o
                0x08006238                USBD_LL_DevDisconnected
 .text.USBD_CoreFindIF
                0x0800627e       0x1a ./Middlewares/ST/STM32_USB_Device_Library/Core/Src/usbd_core.o
                0x0800627e                USBD_CoreFindIF
 .text.USBD_CoreFindEP
                0x08006298       0x1a ./Middlewares/ST/STM32_USB_Device_Library/Core/Src/usbd_core.o
                0x08006298                USBD_CoreFindEP
 .text.USBD_GetEpDesc
                0x080062b2       0x70 ./Middlewares/ST/STM32_USB_Device_Library/Core/Src/usbd_core.o
                0x080062b2                USBD_GetEpDesc
 .text.USBD_GetNextDesc
                0x08006322       0x38 ./Middlewares/ST/STM32_USB_Device_Library/Core/Src/usbd_core.o
                0x08006322                USBD_GetNextDesc
 .text.SWAPBYTE
                0x0800635a       0x3c ./Middlewares/ST/STM32_USB_Device_Library/Core/Src/usbd_ctlreq.o
 *fill*         0x08006396        0x2 
 .text.USBD_StdDevReq
                0x08006398       0xe4 ./Middlewares/ST/STM32_USB_Device_Library/Core/Src/usbd_ctlreq.o
                0x08006398                USBD_StdDevReq
 .text.USBD_StdItfReq
                0x0800647c       0xd8 ./Middlewares/ST/STM32_USB_Device_Library/Core/Src/usbd_ctlreq.o
                0x0800647c                USBD_StdItfReq
 .text.USBD_StdEPReq
                0x08006554      0x33a ./Middlewares/ST/STM32_USB_Device_Library/Core/Src/usbd_ctlreq.o
                0x08006554                USBD_StdEPReq
 *fill*         0x0800688e        0x2 
 .text.USBD_GetDescriptor
                0x08006890      0x2d4 ./Middlewares/ST/STM32_USB_Device_Library/Core/Src/usbd_ctlreq.o
 .text.USBD_SetAddress
                0x08006b64       0x88 ./Middlewares/ST/STM32_USB_Device_Library/Core/Src/usbd_ctlreq.o
 .text.USBD_SetConfig
                0x08006bec      0x154 ./Middlewares/ST/STM32_USB_Device_Library/Core/Src/usbd_ctlreq.o
 .text.USBD_GetConfig
                0x08006d40       0x6c ./Middlewares/ST/STM32_USB_Device_Library/Core/Src/usbd_ctlreq.o
 .text.USBD_GetStatus
                0x08006dac       0x68 ./Middlewares/ST/STM32_USB_Device_Library/Core/Src/usbd_ctlreq.o
 .text.USBD_SetFeature
                0x08006e14       0x52 ./Middlewares/ST/STM32_USB_Device_Library/Core/Src/usbd_ctlreq.o
 .text.USBD_ClrFeature
                0x08006e66       0x44 ./Middlewares/ST/STM32_USB_Device_Library/Core/Src/usbd_ctlreq.o
 .text.USBD_ParseSetupRequest
                0x08006eaa       0x74 ./Middlewares/ST/STM32_USB_Device_Library/Core/Src/usbd_ctlreq.o
                0x08006eaa                USBD_ParseSetupRequest
 .text.USBD_CtlError
                0x08006f1e       0x22 ./Middlewares/ST/STM32_USB_Device_Library/Core/Src/usbd_ctlreq.o
                0x08006f1e                USBD_CtlError
 .text.USBD_GetString
                0x08006f40       0xa4 ./Middlewares/ST/STM32_USB_Device_Library/Core/Src/usbd_ctlreq.o
                0x08006f40                USBD_GetString
 .text.USBD_GetLen
                0x08006fe4       0x34 ./Middlewares/ST/STM32_USB_Device_Library/Core/Src/usbd_ctlreq.o
 .text.USBD_CtlSendData
                0x08007018       0x36 ./Middlewares/ST/STM32_USB_Device_Library/Core/Src/usbd_ioreq.o
                0x08007018                USBD_CtlSendData
 .text.USBD_CtlContinueSendData
                0x0800704e       0x22 ./Middlewares/ST/STM32_USB_Device_Library/Core/Src/usbd_ioreq.o
                0x0800704e                USBD_CtlContinueSendData
 .text.USBD_CtlPrepareRx
                0x08007070       0x3a ./Middlewares/ST/STM32_USB_Device_Library/Core/Src/usbd_ioreq.o
                0x08007070                USBD_CtlPrepareRx
 .text.USBD_CtlContinueRx
                0x080070aa       0x22 ./Middlewares/ST/STM32_USB_Device_Library/Core/Src/usbd_ioreq.o
                0x080070aa                USBD_CtlContinueRx
 .text.USBD_CtlSendStatus
                0x080070cc       0x26 ./Middlewares/ST/STM32_USB_Device_Library/Core/Src/usbd_ioreq.o
                0x080070cc                USBD_CtlSendStatus
 .text.USBD_CtlReceiveStatus
                0x080070f2       0x26 ./Middlewares/ST/STM32_USB_Device_Library/Core/Src/usbd_ioreq.o
                0x080070f2                USBD_CtlReceiveStatus
 .text.MX_USB_DEVICE_Init
                0x08007118       0x60 ./USB_DEVICE/App/usb_device.o
                0x08007118                MX_USB_DEVICE_Init
 .text.CDC_Init_FS
                0x08007178       0x28 ./USB_DEVICE/App/usbd_cdc_if.o
 .text.CDC_DeInit_FS
                0x080071a0       0x10 ./USB_DEVICE/App/usbd_cdc_if.o
 .text.CDC_Control_FS
                0x080071b0       0xbc ./USB_DEVICE/App/usbd_cdc_if.o
 .text.CDC_Receive_FS
                0x0800726c       0x70 ./USB_DEVICE/App/usbd_cdc_if.o
 .text.CDC_Transmit_FS
                0x080072dc       0x4c ./USB_DEVICE/App/usbd_cdc_if.o
                0x080072dc                CDC_Transmit_FS
 .text.CDC_TransmitCplt_FS
                0x08007328       0x22 ./USB_DEVICE/App/usbd_cdc_if.o
 *fill*         0x0800734a        0x2 
 .text.USBD_FS_DeviceDescriptor
                0x0800734c       0x24 ./USB_DEVICE/App/usbd_desc.o
                0x0800734c                USBD_FS_DeviceDescriptor
 .text.USBD_FS_LangIDStrDescriptor
                0x08007370       0x24 ./USB_DEVICE/App/usbd_desc.o
                0x08007370                USBD_FS_LangIDStrDescriptor
 .text.USBD_FS_ProductStrDescriptor
                0x08007394       0x3c ./USB_DEVICE/App/usbd_desc.o
                0x08007394                USBD_FS_ProductStrDescriptor
 .text.USBD_FS_ManufacturerStrDescriptor
                0x080073d0       0x28 ./USB_DEVICE/App/usbd_desc.o
                0x080073d0                USBD_FS_ManufacturerStrDescriptor
 .text.USBD_FS_SerialStrDescriptor
                0x080073f8       0x24 ./USB_DEVICE/App/usbd_desc.o
                0x080073f8                USBD_FS_SerialStrDescriptor
 .text.USBD_FS_ConfigStrDescriptor
                0x0800741c       0x3c ./USB_DEVICE/App/usbd_desc.o
                0x0800741c                USBD_FS_ConfigStrDescriptor
 .text.USBD_FS_InterfaceStrDescriptor
                0x08007458       0x3c ./USB_DEVICE/App/usbd_desc.o
                0x08007458                USBD_FS_InterfaceStrDescriptor
 .text.Get_SerialNum
                0x08007494       0x58 ./USB_DEVICE/App/usbd_desc.o
 .text.IntToUnicode
                0x080074ec       0x7e ./USB_DEVICE/App/usbd_desc.o
 *fill*         0x0800756a        0x2 
 .text.HAL_PCD_MspInit
                0x0800756c       0xa8 ./USB_DEVICE/Target/usbd_conf.o
                0x0800756c                HAL_PCD_MspInit
 .text.HAL_PCD_SetupStageCallback
                0x08007614       0x24 ./USB_DEVICE/Target/usbd_conf.o
                0x08007614                HAL_PCD_SetupStageCallback
 .text.HAL_PCD_DataOutStageCallback
                0x08007638       0x36 ./USB_DEVICE/Target/usbd_conf.o
                0x08007638                HAL_PCD_DataOutStageCallback
 .text.HAL_PCD_DataInStageCallback
                0x0800766e       0x34 ./USB_DEVICE/Target/usbd_conf.o
                0x0800766e                HAL_PCD_DataInStageCallback
 .text.HAL_PCD_SOFCallback
                0x080076a2       0x1c ./USB_DEVICE/Target/usbd_conf.o
                0x080076a2                HAL_PCD_SOFCallback
 .text.HAL_PCD_ResetCallback
                0x080076be       0x50 ./USB_DEVICE/Target/usbd_conf.o
                0x080076be                HAL_PCD_ResetCallback
 *fill*         0x0800770e        0x2 
 .text.HAL_PCD_SuspendCallback
                0x08007710       0x4c ./USB_DEVICE/Target/usbd_conf.o
                0x08007710                HAL_PCD_SuspendCallback
 .text.HAL_PCD_ResumeCallback
                0x0800775c       0x1c ./USB_DEVICE/Target/usbd_conf.o
                0x0800775c                HAL_PCD_ResumeCallback
 .text.HAL_PCD_ISOOUTIncompleteCallback
                0x08007778       0x24 ./USB_DEVICE/Target/usbd_conf.o
                0x08007778                HAL_PCD_ISOOUTIncompleteCallback
 .text.HAL_PCD_ISOINIncompleteCallback
                0x0800779c       0x24 ./USB_DEVICE/Target/usbd_conf.o
                0x0800779c                HAL_PCD_ISOINIncompleteCallback
 .text.HAL_PCD_ConnectCallback
                0x080077c0       0x1c ./USB_DEVICE/Target/usbd_conf.o
                0x080077c0                HAL_PCD_ConnectCallback
 .text.HAL_PCD_DisconnectCallback
                0x080077dc       0x1c ./USB_DEVICE/Target/usbd_conf.o
                0x080077dc                HAL_PCD_DisconnectCallback
 .text.USBD_LL_Init
                0x080077f8       0x98 ./USB_DEVICE/Target/usbd_conf.o
                0x080077f8                USBD_LL_Init
 .text.USBD_LL_Start
                0x08007890       0x36 ./USB_DEVICE/Target/usbd_conf.o
                0x08007890                USBD_LL_Start
 .text.USBD_LL_OpenEP
                0x080078c6       0x4c ./USB_DEVICE/Target/usbd_conf.o
                0x080078c6                USBD_LL_OpenEP
 .text.USBD_LL_CloseEP
                0x08007912       0x3e ./USB_DEVICE/Target/usbd_conf.o
                0x08007912                USBD_LL_CloseEP
 .text.USBD_LL_StallEP
                0x08007950       0x3e ./USB_DEVICE/Target/usbd_conf.o
                0x08007950                USBD_LL_StallEP
 .text.USBD_LL_ClearStallEP
                0x0800798e       0x3e ./USB_DEVICE/Target/usbd_conf.o
                0x0800798e                USBD_LL_ClearStallEP
 .text.USBD_LL_IsStallEP
                0x080079cc       0x58 ./USB_DEVICE/Target/usbd_conf.o
                0x080079cc                USBD_LL_IsStallEP
 .text.USBD_LL_SetUSBAddress
                0x08007a24       0x3e ./USB_DEVICE/Target/usbd_conf.o
                0x08007a24                USBD_LL_SetUSBAddress
 .text.USBD_LL_Transmit
                0x08007a62       0x42 ./USB_DEVICE/Target/usbd_conf.o
                0x08007a62                USBD_LL_Transmit
 .text.USBD_LL_PrepareReceive
                0x08007aa4       0x42 ./USB_DEVICE/Target/usbd_conf.o
                0x08007aa4                USBD_LL_PrepareReceive
 .text.USBD_LL_GetRxDataSize
                0x08007ae6       0x26 ./USB_DEVICE/Target/usbd_conf.o
                0x08007ae6                USBD_LL_GetRxDataSize
 .text.USBD_static_malloc
                0x08007b0c       0x1c ./USB_DEVICE/Target/usbd_conf.o
                0x08007b0c                USBD_static_malloc
 .text.USBD_static_free
                0x08007b28       0x14 ./USB_DEVICE/Target/usbd_conf.o
                0x08007b28                USBD_static_free
 .text.USBD_Get_USB_Status
                0x08007b3c       0x58 ./USB_DEVICE/Target/usbd_conf.o
                0x08007b3c                USBD_Get_USB_Status
 .text.calloc   0x08007b94       0x10 /home/nam/st/stm32cubeide_1.16.0/plugins/com.st.stm32cube.ide.mcu.externaltools.gnu-tools-for-stm32.12.3.rel1.linux64_1.0.200.202406132123/tools/bin/../lib/gcc/arm-none-eabi/12.3.1/../../../../arm-none-eabi/lib/thumb/v7e-m+fp/hard/libc_nano.a(libc_a-calloc.o)
                0x08007b94                calloc
 .text._calloc_r
                0x08007ba4       0x28 /home/nam/st/stm32cubeide_1.16.0/plugins/com.st.stm32cube.ide.mcu.externaltools.gnu-tools-for-stm32.12.3.rel1.linux64_1.0.200.202406132123/tools/bin/../lib/gcc/arm-none-eabi/12.3.1/../../../../arm-none-eabi/lib/thumb/v7e-m+fp/hard/libc_nano.a(libc_a-callocr.o)
                0x08007ba4                _calloc_r
 .text.sbrk_aligned
                0x08007bcc       0x44 /home/nam/st/stm32cubeide_1.16.0/plugins/com.st.stm32cube.ide.mcu.externaltools.gnu-tools-for-stm32.12.3.rel1.linux64_1.0.200.202406132123/tools/bin/../lib/gcc/arm-none-eabi/12.3.1/../../../../arm-none-eabi/lib/thumb/v7e-m+fp/hard/libc_nano.a(libc_a-mallocr.o)
 .text._malloc_r
                0x08007c10      0x100 /home/nam/st/stm32cubeide_1.16.0/plugins/com.st.stm32cube.ide.mcu.externaltools.gnu-tools-for-stm32.12.3.rel1.linux64_1.0.200.202406132123/tools/bin/../lib/gcc/arm-none-eabi/12.3.1/../../../../arm-none-eabi/lib/thumb/v7e-m+fp/hard/libc_nano.a(libc_a-mallocr.o)
                0x08007c10                _malloc_r
 .text.__malloc_lock
                0x08007d10        0xc /home/nam/st/stm32cubeide_1.16.0/plugins/com.st.stm32cube.ide.mcu.externaltools.gnu-tools-for-stm32.12.3.rel1.linux64_1.0.200.202406132123/tools/bin/../lib/gcc/arm-none-eabi/12.3.1/../../../../arm-none-eabi/lib/thumb/v7e-m+fp/hard/libc_nano.a(libc_a-mlock.o)
                0x08007d10                __malloc_lock
 .text.__malloc_unlock
                0x08007d1c        0xc /home/nam/st/stm32cubeide_1.16.0/plugins/com.st.stm32cube.ide.mcu.externaltools.gnu-tools-for-stm32.12.3.rel1.linux64_1.0.200.202406132123/tools/bin/../lib/gcc/arm-none-eabi/12.3.1/../../../../arm-none-eabi/lib/thumb/v7e-m+fp/hard/libc_nano.a(libc_a-mlock.o)
                0x08007d1c                __malloc_unlock
 .text.memset   0x08007d28       0x10 /home/nam/st/stm32cubeide_1.16.0/plugins/com.st.stm32cube.ide.mcu.externaltools.gnu-tools-for-stm32.12.3.rel1.linux64_1.0.200.202406132123/tools/bin/../lib/gcc/arm-none-eabi/12.3.1/../../../../arm-none-eabi/lib/thumb/v7e-m+fp/hard/libc_nano.a(libc_a-memset.o)
                0x08007d28                memset
 .text._sbrk_r  0x08007d38       0x20 /home/nam/st/stm32cubeide_1.16.0/plugins/com.st.stm32cube.ide.mcu.externaltools.gnu-tools-for-stm32.12.3.rel1.linux64_1.0.200.202406132123/tools/bin/../lib/gcc/arm-none-eabi/12.3.1/../../../../arm-none-eabi/lib/thumb/v7e-m+fp/hard/libc_nano.a(libc_a-sbrkr.o)
                0x08007d38                _sbrk_r
 .text.__errno  0x08007d58        0xc /home/nam/st/stm32cubeide_1.16.0/plugins/com.st.stm32cube.ide.mcu.externaltools.gnu-tools-for-stm32.12.3.rel1.linux64_1.0.200.202406132123/tools/bin/../lib/gcc/arm-none-eabi/12.3.1/../../../../arm-none-eabi/lib/thumb/v7e-m+fp/hard/libc_nano.a(libc_a-errno.o)
                0x08007d58                __errno
 .text.__libc_init_array
                0x08007d64       0x48 /home/nam/st/stm32cubeide_1.16.0/plugins/com.st.stm32cube.ide.mcu.externaltools.gnu-tools-for-stm32.12.3.rel1.linux64_1.0.200.202406132123/tools/bin/../lib/gcc/arm-none-eabi/12.3.1/../../../../arm-none-eabi/lib/thumb/v7e-m+fp/hard/libc_nano.a(libc_a-init.o)
                0x08007d64                __libc_init_array
 .text.__retarget_lock_acquire_recursive
                0x08007dac        0x2 /home/nam/st/stm32cubeide_1.16.0/plugins/com.st.stm32cube.ide.mcu.externaltools.gnu-tools-for-stm32.12.3.rel1.linux64_1.0.200.202406132123/tools/bin/../lib/gcc/arm-none-eabi/12.3.1/../../../../arm-none-eabi/lib/thumb/v7e-m+fp/hard/libc_nano.a(libc_a-lock.o)
                0x08007dac                __retarget_lock_acquire_recursive
 .text.__retarget_lock_release_recursive
                0x08007dae        0x2 /home/nam/st/stm32cubeide_1.16.0/plugins/com.st.stm32cube.ide.mcu.externaltools.gnu-tools-for-stm32.12.3.rel1.linux64_1.0.200.202406132123/tools/bin/../lib/gcc/arm-none-eabi/12.3.1/../../../../arm-none-eabi/lib/thumb/v7e-m+fp/hard/libc_nano.a(libc_a-lock.o)
                0x08007dae                __retarget_lock_release_recursive
 *(.glue_7)
 .glue_7        0x08007db0        0x0 linker stubs
 *(.glue_7t)
 .glue_7t       0x08007db0        0x0 linker stubs
 *(.eh_frame)
 .eh_frame      0x08007db0        0x0 /home/nam/st/stm32cubeide_1.16.0/plugins/com.st.stm32cube.ide.mcu.externaltools.gnu-tools-for-stm32.12.3.rel1.linux64_1.0.200.202406132123/tools/bin/../lib/gcc/arm-none-eabi/12.3.1/thumb/v7e-m+fp/hard/crtbegin.o
 *(.init)
 .init          0x08007db0        0x4 /home/nam/st/stm32cubeide_1.16.0/plugins/com.st.stm32cube.ide.mcu.externaltools.gnu-tools-for-stm32.12.3.rel1.linux64_1.0.200.202406132123/tools/bin/../lib/gcc/arm-none-eabi/12.3.1/thumb/v7e-m+fp/hard/crti.o
                0x08007db0                _init
 .init          0x08007db4        0x8 /home/nam/st/stm32cubeide_1.16.0/plugins/com.st.stm32cube.ide.mcu.externaltools.gnu-tools-for-stm32.12.3.rel1.linux64_1.0.200.202406132123/tools/bin/../lib/gcc/arm-none-eabi/12.3.1/thumb/v7e-m+fp/hard/crtn.o
 *(.fini)
 .fini          0x08007dbc        0x4 /home/nam/st/stm32cubeide_1.16.0/plugins/com.st.stm32cube.ide.mcu.externaltools.gnu-tools-for-stm32.12.3.rel1.linux64_1.0.200.202406132123/tools/bin/../lib/gcc/arm-none-eabi/12.3.1/thumb/v7e-m+fp/hard/crti.o
                0x08007dbc                _fini
 .fini          0x08007dc0        0x8 /home/nam/st/stm32cubeide_1.16.0/plugins/com.st.stm32cube.ide.mcu.externaltools.gnu-tools-for-stm32.12.3.rel1.linux64_1.0.200.202406132123/tools/bin/../lib/gcc/arm-none-eabi/12.3.1/thumb/v7e-m+fp/hard/crtn.o
                0x08007dc8                        . = ALIGN (0x4)
                0x08007dc8                        _etext = .

.vfp11_veneer   0x08007dc8        0x0
 .vfp11_veneer  0x08007dc8        0x0 linker stubs

.v4_bx          0x08007dc8        0x0
 .v4_bx         0x08007dc8        0x0 linker stubs

.iplt           0x08007dc8        0x0
 .iplt          0x08007dc8        0x0 /home/nam/st/stm32cubeide_1.16.0/plugins/com.st.stm32cube.ide.mcu.externaltools.gnu-tools-for-stm32.12.3.rel1.linux64_1.0.200.202406132123/tools/bin/../lib/gcc/arm-none-eabi/12.3.1/thumb/v7e-m+fp/hard/crtbegin.o

.rodata         0x08007dc8       0x48
                0x08007dc8                        . = ALIGN (0x4)
 *(.rodata)
 .rodata        0x08007dc8       0x35 ./USB_DEVICE/App/usbd_desc.o
 *(.rodata*)
 *fill*         0x08007dfd        0x3 
 .rodata.AHBPrescTable
                0x08007e00       0x10 ./Core/Src/system_stm32f4xx.o
                0x08007e00                AHBPrescTable
                0x08007e10                        . = ALIGN (0x4)

.ARM.extab      0x08007e10        0x0
                0x08007e10                        . = ALIGN (0x4)
 *(.ARM.extab* .gnu.linkonce.armextab.*)
                0x08007e10                        . = ALIGN (0x4)

.ARM            0x08007e10        0x8
                0x08007e10                        . = ALIGN (0x4)
                0x08007e10                        __exidx_start = .
 *(.ARM.exidx*)
 .ARM.exidx     0x08007e10        0x8 /home/nam/st/stm32cubeide_1.16.0/plugins/com.st.stm32cube.ide.mcu.externaltools.gnu-tools-for-stm32.12.3.rel1.linux64_1.0.200.202406132123/tools/bin/../lib/gcc/arm-none-eabi/12.3.1/thumb/v7e-m+fp/hard/libgcc.a(_udivmoddi4.o)
                0x08007e18                        __exidx_end = .
                0x08007e18                        . = ALIGN (0x4)

.preinit_array  0x08007e18        0x0
                0x08007e18                        . = ALIGN (0x4)
                0x08007e18                        PROVIDE (__preinit_array_start = .)
 *(.preinit_array*)
                0x08007e18                        PROVIDE (__preinit_array_end = .)
                0x08007e18                        . = ALIGN (0x4)

.init_array     0x08007e18        0x4
                0x08007e18                        . = ALIGN (0x4)
                0x08007e18                        PROVIDE (__init_array_start = .)
 *(SORT_BY_NAME(.init_array.*))
 *(.init_array*)
 .init_array    0x08007e18        0x4 /home/nam/st/stm32cubeide_1.16.0/plugins/com.st.stm32cube.ide.mcu.externaltools.gnu-tools-for-stm32.12.3.rel1.linux64_1.0.200.202406132123/tools/bin/../lib/gcc/arm-none-eabi/12.3.1/thumb/v7e-m+fp/hard/crtbegin.o
                0x08007e1c                        PROVIDE (__init_array_end = .)
                0x08007e1c                        . = ALIGN (0x4)

.fini_array     0x08007e1c        0x4
                0x08007e1c                        . = ALIGN (0x4)
                [!provide]                        PROVIDE (__fini_array_start = .)
 *(SORT_BY_NAME(.fini_array.*))
 *(.fini_array*)
 .fini_array    0x08007e1c        0x4 /home/nam/st/stm32cubeide_1.16.0/plugins/com.st.stm32cube.ide.mcu.externaltools.gnu-tools-for-stm32.12.3.rel1.linux64_1.0.200.202406132123/tools/bin/../lib/gcc/arm-none-eabi/12.3.1/thumb/v7e-m+fp/hard/crtbegin.o
                [!provide]                        PROVIDE (__fini_array_end = .)
                0x08007e20                        . = ALIGN (0x4)
                0x08007e20                        _sidata = LOADADDR (.data)

.rel.dyn        0x08007e20        0x0
 .rel.iplt      0x08007e20        0x0 /home/nam/st/stm32cubeide_1.16.0/plugins/com.st.stm32cube.ide.mcu.externaltools.gnu-tools-for-stm32.12.3.rel1.linux64_1.0.200.202406132123/tools/bin/../lib/gcc/arm-none-eabi/12.3.1/thumb/v7e-m+fp/hard/crtbegin.o

.data           0x20000000      0x16c load address 0x08007e20
                0x20000000                        . = ALIGN (0x4)
                0x20000000                        _sdata = .
 *(.data)
 *(.data*)
 .data.boot_indicator
                0x20000000       0x18 ./Core/Src/main.o
 .data.button   0x20000018        0x8 ./Core/Src/main.o
 .data.SystemCoreClock
                0x20000020        0x4 ./Core/Src/system_stm32f4xx.o
                0x20000020                SystemCoreClock
 .data.uwTickPrio
                0x20000024        0x4 ./Drivers/STM32F4xx_HAL_Driver/Src/stm32f4xx_hal.o
                0x20000024                uwTickPrio
 .data.uwTickFreq
                0x20000028        0x1 ./Drivers/STM32F4xx_HAL_Driver/Src/stm32f4xx_hal.o
                0x20000028                uwTickFreq
 *fill*         0x20000029        0x3 
 .data.USBD_CDC_DeviceQualifierDesc
                0x2000002c        0xa ./Middlewares/ST/STM32_USB_Device_Library/Class/CDC/Src/usbd_cdc.o
 *fill*         0x20000036        0x2 
 .data.USBD_CDC
                0x20000038       0x38 ./Middlewares/ST/STM32_USB_Device_Library/Class/CDC/Src/usbd_cdc.o
                0x20000038                USBD_CDC
 .data.USBD_CDC_CfgDesc
                0x20000070       0x43 ./Middlewares/ST/STM32_USB_Device_Library/Class/CDC/Src/usbd_cdc.o
 .data.CDCInEpAdd
                0x200000b3        0x1 ./Middlewares/ST/STM32_USB_Device_Library/Class/CDC/Src/usbd_cdc.o
 .data.CDCOutEpAdd
                0x200000b4        0x1 ./Middlewares/ST/STM32_USB_Device_Library/Class/CDC/Src/usbd_cdc.o
 .data.CDCCmdEpAdd
                0x200000b5        0x1 ./Middlewares/ST/STM32_USB_Device_Library/Class/CDC/Src/usbd_cdc.o
 *fill*         0x200000b6        0x2 
 .data.USBD_Interface_fops_FS
                0x200000b8       0x14 ./USB_DEVICE/App/usbd_cdc_if.o
                0x200000b8                USBD_Interface_fops_FS
 .data.FS_Desc  0x200000cc       0x1c ./USB_DEVICE/App/usbd_desc.o
                0x200000cc                FS_Desc
 .data.USBD_FS_DeviceDesc
                0x200000e8       0x12 ./USB_DEVICE/App/usbd_desc.o
                0x200000e8                USBD_FS_DeviceDesc
 *fill*         0x200000fa        0x2 
 .data.USBD_LangIDDesc
                0x200000fc        0x4 ./USB_DEVICE/App/usbd_desc.o
                0x200000fc                USBD_LangIDDesc
 .data.USBD_StringSerial
                0x20000100       0x1a ./USB_DEVICE/App/usbd_desc.o
                0x20000100                USBD_StringSerial
 *fill*         0x2000011a        0x2 
 .data._impure_ptr
                0x2000011c        0x4 /home/nam/st/stm32cubeide_1.16.0/plugins/com.st.stm32cube.ide.mcu.externaltools.gnu-tools-for-stm32.12.3.rel1.linux64_1.0.200.202406132123/tools/bin/../lib/gcc/arm-none-eabi/12.3.1/../../../../arm-none-eabi/lib/thumb/v7e-m+fp/hard/libc_nano.a(libc_a-impure.o)
                0x2000011c                _impure_ptr
 .data._impure_data
                0x20000120       0x4c /home/nam/st/stm32cubeide_1.16.0/plugins/com.st.stm32cube.ide.mcu.externaltools.gnu-tools-for-stm32.12.3.rel1.linux64_1.0.200.202406132123/tools/bin/../lib/gcc/arm-none-eabi/12.3.1/../../../../arm-none-eabi/lib/thumb/v7e-m+fp/hard/libc_nano.a(libc_a-impure.o)
                0x20000120                _impure_data
 *(.RamFunc)
 *(.RamFunc*)
                0x2000016c                        . = ALIGN (0x4)
                0x2000016c                        _edata = .
                0x08007f8c                        _siccmram = LOADADDR (.ccmram)

.igot.plt       0x2000016c        0x0 load address 0x08007f8c
 .igot.plt      0x2000016c        0x0 /home/nam/st/stm32cubeide_1.16.0/plugins/com.st.stm32cube.ide.mcu.externaltools.gnu-tools-for-stm32.12.3.rel1.linux64_1.0.200.202406132123/tools/bin/../lib/gcc/arm-none-eabi/12.3.1/thumb/v7e-m+fp/hard/crtbegin.o

.ccmram         0x10000000        0x0 load address 0x08007f8c
                0x10000000                        . = ALIGN (0x4)
                0x10000000                        _sccmram = .
 *(.ccmram)
 *(.ccmram*)
                0x10000000                        . = ALIGN (0x4)
                0x10000000                        _eccmram = .
                0x10000000                        . = ALIGN (0x4)

.bss            0x2000016c     0x1d8c
                0x2000016c                        _sbss = .
                0x2000016c                        __bss_start__ = _sbss
 *(.bss)
 .bss           0x2000016c       0x1c /home/nam/st/stm32cubeide_1.16.0/plugins/com.st.stm32cube.ide.mcu.externaltools.gnu-tools-for-stm32.12.3.rel1.linux64_1.0.200.202406132123/tools/bin/../lib/gcc/arm-none-eabi/12.3.1/thumb/v7e-m+fp/hard/crtbegin.o
 *(.bss*)
 .bss.flash.0   0x20000188        0x4 ./Core/Src/bootloader.o
 .bss.adc_val   0x2000018c        0x2 ./Core/Src/main.o
                0x2000018c                adc_val
 *fill*         0x2000018e        0x2 
 .bss.usb_queue
                0x20000190       0x14 ./Core/Src/main.o
                0x20000190                usb_queue
 .bss.__sbrk_heap_end
                0x200001a4        0x4 ./Core/Src/sysmem.o
 .bss.uwTick    0x200001a8        0x4 ./Drivers/STM32F4xx_HAL_Driver/Src/stm32f4xx_hal.o
                0x200001a8                uwTick
 .bss.pFlash    0x200001ac       0x20 ./Drivers/STM32F4xx_HAL_Driver/Src/stm32f4xx_hal_flash.o
                0x200001ac                pFlash
 .bss.cfgidx.0  0x200001cc        0x1 ./Middlewares/ST/STM32_USB_Device_Library/Core/Src/usbd_ctlreq.o
 *fill*         0x200001cd        0x3 
 .bss.hUsbDeviceFS
                0x200001d0      0x2dc ./USB_DEVICE/App/usb_device.o
                0x200001d0                hUsbDeviceFS
 .bss.UserRxBufferFS
                0x200004ac      0x800 ./USB_DEVICE/App/usbd_cdc_if.o
                0x200004ac                UserRxBufferFS
 .bss.UserTxBufferFS
                0x20000cac      0x800 ./USB_DEVICE/App/usbd_cdc_if.o
                0x20000cac                UserTxBufferFS
 .bss.USBD_StrDesc
                0x200014ac      0x200 ./USB_DEVICE/App/usbd_desc.o
                0x200014ac                USBD_StrDesc
 .bss.hpcd_USB_OTG_FS
                0x200016ac      0x4e4 ./USB_DEVICE/Target/usbd_conf.o
                0x200016ac                hpcd_USB_OTG_FS
 .bss.mem.0     0x20001b90      0x220 ./USB_DEVICE/Target/usbd_conf.o
 .bss.__malloc_sbrk_start
                0x20001db0        0x4 /home/nam/st/stm32cubeide_1.16.0/plugins/com.st.stm32cube.ide.mcu.externaltools.gnu-tools-for-stm32.12.3.rel1.linux64_1.0.200.202406132123/tools/bin/../lib/gcc/arm-none-eabi/12.3.1/../../../../arm-none-eabi/lib/thumb/v7e-m+fp/hard/libc_nano.a(libc_a-mallocr.o)
                0x20001db0                __malloc_sbrk_start
 .bss.__malloc_free_list
                0x20001db4        0x4 /home/nam/st/stm32cubeide_1.16.0/plugins/com.st.stm32cube.ide.mcu.externaltools.gnu-tools-for-stm32.12.3.rel1.linux64_1.0.200.202406132123/tools/bin/../lib/gcc/arm-none-eabi/12.3.1/../../../../arm-none-eabi/lib/thumb/v7e-m+fp/hard/libc_nano.a(libc_a-mallocr.o)
                0x20001db4                __malloc_free_list
 .bss.__sf      0x20001db8      0x138 /home/nam/st/stm32cubeide_1.16.0/plugins/com.st.stm32cube.ide.mcu.externaltools.gnu-tools-for-stm32.12.3.rel1.linux64_1.0.200.202406132123/tools/bin/../lib/gcc/arm-none-eabi/12.3.1/../../../../arm-none-eabi/lib/thumb/v7e-m+fp/hard/libc_nano.a(libc_a-findfp.o)
                0x20001db8                __sf
 .bss.errno     0x20001ef0        0x4 /home/nam/st/stm32cubeide_1.16.0/plugins/com.st.stm32cube.ide.mcu.externaltools.gnu-tools-for-stm32.12.3.rel1.linux64_1.0.200.202406132123/tools/bin/../lib/gcc/arm-none-eabi/12.3.1/../../../../arm-none-eabi/lib/thumb/v7e-m+fp/hard/libc_nano.a(libc_a-reent.o)
                0x20001ef0                errno
 .bss.__lock___malloc_recursive_mutex
                0x20001ef4        0x1 /home/nam/st/stm32cubeide_1.16.0/plugins/com.st.stm32cube.ide.mcu.externaltools.gnu-tools-for-stm32.12.3.rel1.linux64_1.0.200.202406132123/tools/bin/../lib/gcc/arm-none-eabi/12.3.1/../../../../arm-none-eabi/lib/thumb/v7e-m+fp/hard/libc_nano.a(libc_a-lock.o)
                0x20001ef4                __lock___malloc_recursive_mutex
 *(COMMON)
                0x20001ef8                        . = ALIGN (0x4)
 *fill*         0x20001ef5        0x3 
                0x20001ef8                        _ebss = .
                0x20001ef8                        __bss_end__ = _ebss

._user_heap_stack
                0x20001ef8      0x600
                0x20001ef8                        . = ALIGN (0x8)
                [!provide]                        PROVIDE (end = .)
                0x20001ef8                        PROVIDE (_end = .)
                0x200020f8                        . = (. + _Min_Heap_Size)
 *fill*         0x20001ef8      0x200 
                0x200024f8                        . = (. + _Min_Stack_Size)
 *fill*         0x200020f8      0x400 
                0x200024f8                        . = ALIGN (0x8)

/DISCARD/
 libc.a(*)
 libm.a(*)
 libgcc.a(*)

.ARM.attributes
                0x00000000       0x30
 *(.ARM.attributes)
 .ARM.attributes
                0x00000000       0x22 /home/nam/st/stm32cubeide_1.16.0/plugins/com.st.stm32cube.ide.mcu.externaltools.gnu-tools-for-stm32.12.3.rel1.linux64_1.0.200.202406132123/tools/bin/../lib/gcc/arm-none-eabi/12.3.1/thumb/v7e-m+fp/hard/crti.o
 .ARM.attributes
                0x00000022       0x34 /home/nam/st/stm32cubeide_1.16.0/plugins/com.st.stm32cube.ide.mcu.externaltools.gnu-tools-for-stm32.12.3.rel1.linux64_1.0.200.202406132123/tools/bin/../lib/gcc/arm-none-eabi/12.3.1/thumb/v7e-m+fp/hard/crtbegin.o
 .ARM.attributes
                0x00000056       0x34 ./Core/Src/CRC.o
 .ARM.attributes
                0x0000008a       0x34 ./Core/Src/bootloader.o
 .ARM.attributes
                0x000000be       0x34 ./Core/Src/flash.o
 .ARM.attributes
                0x000000f2       0x34 ./Core/Src/led_bootloader.o
 .ARM.attributes
                0x00000126       0x34 ./Core/Src/main.o
 .ARM.attributes
                0x0000015a       0x34 ./Core/Src/stm32f4xx_hal_msp.o
 .ARM.attributes
                0x0000018e       0x34 ./Core/Src/stm32f4xx_it.o
 .ARM.attributes
                0x000001c2       0x34 ./Core/Src/sysmem.o
 .ARM.attributes
                0x000001f6       0x34 ./Core/Src/system_stm32f4xx.o
 .ARM.attributes
                0x0000022a       0x34 ./Core/Src/task_list.o
 .ARM.attributes
                0x0000025e       0x34 ./Core/Src/usb_handle.o
 .ARM.attributes
                0x00000292       0x21 ./Core/Startup/startup_stm32f407vgtx.o
 .ARM.attributes
                0x000002b3       0x34 ./Drivers/STM32F4xx_HAL_Driver/Src/stm32f4xx_hal.o
 .ARM.attributes
                0x000002e7       0x34 ./Drivers/STM32F4xx_HAL_Driver/Src/stm32f4xx_hal_cortex.o
 .ARM.attributes
                0x0000031b       0x34 ./Drivers/STM32F4xx_HAL_Driver/Src/stm32f4xx_hal_flash.o
 .ARM.attributes
                0x0000034f       0x34 ./Drivers/STM32F4xx_HAL_Driver/Src/stm32f4xx_hal_flash_ex.o
 .ARM.attributes
                0x00000383       0x34 ./Drivers/STM32F4xx_HAL_Driver/Src/stm32f4xx_hal_gpio.o
 .ARM.attributes
                0x000003b7       0x34 ./Drivers/STM32F4xx_HAL_Driver/Src/stm32f4xx_hal_pcd.o
 .ARM.attributes
                0x000003eb       0x34 ./Drivers/STM32F4xx_HAL_Driver/Src/stm32f4xx_hal_pcd_ex.o
 .ARM.attributes
                0x0000041f       0x34 ./Drivers/STM32F4xx_HAL_Driver/Src/stm32f4xx_hal_rcc.o
 .ARM.attributes
                0x00000453       0x34 ./Drivers/STM32F4xx_HAL_Driver/Src/stm32f4xx_hal_rcc_ex.o
 .ARM.attributes
                0x00000487       0x34 ./Drivers/STM32F4xx_HAL_Driver/Src/stm32f4xx_ll_usb.o
 .ARM.attributes
                0x000004bb       0x34 ./Middlewares/ST/STM32_USB_Device_Library/Class/CDC/Src/usbd_cdc.o
 .ARM.attributes
                0x000004ef       0x34 ./Middlewares/ST/STM32_USB_Device_Library/Core/Src/usbd_core.o
 .ARM.attributes
                0x00000523       0x34 ./Middlewares/ST/STM32_USB_Device_Library/Core/Src/usbd_ctlreq.o
 .ARM.attributes
                0x00000557       0x34 ./Middlewares/ST/STM32_USB_Device_Library/Core/Src/usbd_ioreq.o
 .ARM.attributes
                0x0000058b       0x34 ./USB_DEVICE/App/usb_device.o
 .ARM.attributes
                0x000005bf       0x34 ./USB_DEVICE/App/usbd_cdc_if.o
 .ARM.attributes
                0x000005f3       0x34 ./USB_DEVICE/App/usbd_desc.o
 .ARM.attributes
                0x00000627       0x34 ./USB_DEVICE/Target/usbd_conf.o
 .ARM.attributes
                0x0000065b       0x34 /home/nam/st/stm32cubeide_1.16.0/plugins/com.st.stm32cube.ide.mcu.externaltools.gnu-tools-for-stm32.12.3.rel1.linux64_1.0.200.202406132123/tools/bin/../lib/gcc/arm-none-eabi/12.3.1/../../../../arm-none-eabi/lib/thumb/v7e-m+fp/hard/libc_nano.a(libc_a-calloc.o)
 .ARM.attributes
                0x0000068f       0x34 /home/nam/st/stm32cubeide_1.16.0/plugins/com.st.stm32cube.ide.mcu.externaltools.gnu-tools-for-stm32.12.3.rel1.linux64_1.0.200.202406132123/tools/bin/../lib/gcc/arm-none-eabi/12.3.1/../../../../arm-none-eabi/lib/thumb/v7e-m+fp/hard/libc_nano.a(libc_a-callocr.o)
 .ARM.attributes
                0x000006c3       0x34 /home/nam/st/stm32cubeide_1.16.0/plugins/com.st.stm32cube.ide.mcu.externaltools.gnu-tools-for-stm32.12.3.rel1.linux64_1.0.200.202406132123/tools/bin/../lib/gcc/arm-none-eabi/12.3.1/../../../../arm-none-eabi/lib/thumb/v7e-m+fp/hard/libc_nano.a(libc_a-mallocr.o)
 .ARM.attributes
                0x000006f7       0x34 /home/nam/st/stm32cubeide_1.16.0/plugins/com.st.stm32cube.ide.mcu.externaltools.gnu-tools-for-stm32.12.3.rel1.linux64_1.0.200.202406132123/tools/bin/../lib/gcc/arm-none-eabi/12.3.1/../../../../arm-none-eabi/lib/thumb/v7e-m+fp/hard/libc_nano.a(libc_a-mlock.o)
 .ARM.attributes
                0x0000072b       0x34 /home/nam/st/stm32cubeide_1.16.0/plugins/com.st.stm32cube.ide.mcu.externaltools.gnu-tools-for-stm32.12.3.rel1.linux64_1.0.200.202406132123/tools/bin/../lib/gcc/arm-none-eabi/12.3.1/../../../../arm-none-eabi/lib/thumb/v7e-m+fp/hard/libc_nano.a(libc_a-findfp.o)
 .ARM.attributes
                0x0000075f       0x34 /home/nam/st/stm32cubeide_1.16.0/plugins/com.st.stm32cube.ide.mcu.externaltools.gnu-tools-for-stm32.12.3.rel1.linux64_1.0.200.202406132123/tools/bin/../lib/gcc/arm-none-eabi/12.3.1/../../../../arm-none-eabi/lib/thumb/v7e-m+fp/hard/libc_nano.a(libc_a-memset.o)
 .ARM.attributes
                0x00000793       0x34 /home/nam/st/stm32cubeide_1.16.0/plugins/com.st.stm32cube.ide.mcu.externaltools.gnu-tools-for-stm32.12.3.rel1.linux64_1.0.200.202406132123/tools/bin/../lib/gcc/arm-none-eabi/12.3.1/../../../../arm-none-eabi/lib/thumb/v7e-m+fp/hard/libc_nano.a(libc_a-reent.o)
 .ARM.attributes
                0x000007c7       0x34 /home/nam/st/stm32cubeide_1.16.0/plugins/com.st.stm32cube.ide.mcu.externaltools.gnu-tools-for-stm32.12.3.rel1.linux64_1.0.200.202406132123/tools/bin/../lib/gcc/arm-none-eabi/12.3.1/../../../../arm-none-eabi/lib/thumb/v7e-m+fp/hard/libc_nano.a(libc_a-impure.o)
 .ARM.attributes
                0x000007fb       0x34 /home/nam/st/stm32cubeide_1.16.0/plugins/com.st.stm32cube.ide.mcu.externaltools.gnu-tools-for-stm32.12.3.rel1.linux64_1.0.200.202406132123/tools/bin/../lib/gcc/arm-none-eabi/12.3.1/../../../../arm-none-eabi/lib/thumb/v7e-m+fp/hard/libc_nano.a(libc_a-sbrkr.o)
 .ARM.attributes
                0x0000082f       0x34 /home/nam/st/stm32cubeide_1.16.0/plugins/com.st.stm32cube.ide.mcu.externaltools.gnu-tools-for-stm32.12.3.rel1.linux64_1.0.200.202406132123/tools/bin/../lib/gcc/arm-none-eabi/12.3.1/../../../../arm-none-eabi/lib/thumb/v7e-m+fp/hard/libc_nano.a(libc_a-errno.o)
 .ARM.attributes
                0x00000863       0x34 /home/nam/st/stm32cubeide_1.16.0/plugins/com.st.stm32cube.ide.mcu.externaltools.gnu-tools-for-stm32.12.3.rel1.linux64_1.0.200.202406132123/tools/bin/../lib/gcc/arm-none-eabi/12.3.1/../../../../arm-none-eabi/lib/thumb/v7e-m+fp/hard/libc_nano.a(libc_a-init.o)
 .ARM.attributes
                0x00000897       0x34 /home/nam/st/stm32cubeide_1.16.0/plugins/com.st.stm32cube.ide.mcu.externaltools.gnu-tools-for-stm32.12.3.rel1.linux64_1.0.200.202406132123/tools/bin/../lib/gcc/arm-none-eabi/12.3.1/../../../../arm-none-eabi/lib/thumb/v7e-m+fp/hard/libc_nano.a(libc_a-lock.o)
 .ARM.attributes
                0x000008cb       0x22 /home/nam/st/stm32cubeide_1.16.0/plugins/com.st.stm32cube.ide.mcu.externaltools.gnu-tools-for-stm32.12.3.rel1.linux64_1.0.200.202406132123/tools/bin/../lib/gcc/arm-none-eabi/12.3.1/thumb/v7e-m+fp/hard/libgcc.a(_aeabi_uldivmod.o)
 .ARM.attributes
                0x000008ed       0x34 /home/nam/st/stm32cubeide_1.16.0/plugins/com.st.stm32cube.ide.mcu.externaltools.gnu-tools-for-stm32.12.3.rel1.linux64_1.0.200.202406132123/tools/bin/../lib/gcc/arm-none-eabi/12.3.1/thumb/v7e-m+fp/hard/libgcc.a(_udivmoddi4.o)
 .ARM.attributes
                0x00000921       0x22 /home/nam/st/stm32cubeide_1.16.0/plugins/com.st.stm32cube.ide.mcu.externaltools.gnu-tools-for-stm32.12.3.rel1.linux64_1.0.200.202406132123/tools/bin/../lib/gcc/arm-none-eabi/12.3.1/thumb/v7e-m+fp/hard/libgcc.a(_dvmd_tls.o)
 .ARM.attributes
                0x00000943       0x22 /home/nam/st/stm32cubeide_1.16.0/plugins/com.st.stm32cube.ide.mcu.externaltools.gnu-tools-for-stm32.12.3.rel1.linux64_1.0.200.202406132123/tools/bin/../lib/gcc/arm-none-eabi/12.3.1/thumb/v7e-m+fp/hard/crtn.o
OUTPUT(usb-f407.elf elf32-littlearm)
LOAD linker stubs
LOAD /home/nam/st/stm32cubeide_1.16.0/plugins/com.st.stm32cube.ide.mcu.externaltools.gnu-tools-for-stm32.12.3.rel1.linux64_1.0.200.202406132123/tools/bin/../lib/gcc/arm-none-eabi/12.3.1/../../../../arm-none-eabi/lib/thumb/v7e-m+fp/hard/libc.a
LOAD /home/nam/st/stm32cubeide_1.16.0/plugins/com.st.stm32cube.ide.mcu.externaltools.gnu-tools-for-stm32.12.3.rel1.linux64_1.0.200.202406132123/tools/bin/../lib/gcc/arm-none-eabi/12.3.1/../../../../arm-none-eabi/lib/thumb/v7e-m+fp/hard/libm.a
LOAD /home/nam/st/stm32cubeide_1.16.0/plugins/com.st.stm32cube.ide.mcu.externaltools.gnu-tools-for-stm32.12.3.rel1.linux64_1.0.200.202406132123/tools/bin/../lib/gcc/arm-none-eabi/12.3.1/thumb/v7e-m+fp/hard/libgcc.a

.debug_info     0x00000000    0x1012f
 .debug_info    0x00000000      0x2d2 ./Core/Src/CRC.o
 .debug_info    0x000002d2      0x5be ./Core/Src/bootloader.o
 .debug_info    0x00000890      0x2fd ./Core/Src/flash.o
 .debug_info    0x00000b8d      0x2b4 ./Core/Src/led_bootloader.o
 .debug_info    0x00000e41      0x9e4 ./Core/Src/main.o
 .debug_info    0x00001825      0x269 ./Core/Src/stm32f4xx_hal_msp.o
 .debug_info    0x00001a8e      0x627 ./Core/Src/stm32f4xx_it.o
 .debug_info    0x000020b5      0x168 ./Core/Src/sysmem.o
 .debug_info    0x0000221d      0x512 ./Core/Src/system_stm32f4xx.o
 .debug_info    0x0000272f      0x3f7 ./Core/Src/task_list.o
 .debug_info    0x00002b26      0x351 ./Core/Src/usb_handle.o
 .debug_info    0x00002e77       0x30 ./Core/Startup/startup_stm32f407vgtx.o
 .debug_info    0x00002ea7      0x944 ./Drivers/STM32F4xx_HAL_Driver/Src/stm32f4xx_hal.o
 .debug_info    0x000037eb      0xd8c ./Drivers/STM32F4xx_HAL_Driver/Src/stm32f4xx_hal_cortex.o
 .debug_info    0x00004577      0x57d ./Drivers/STM32F4xx_HAL_Driver/Src/stm32f4xx_hal_flash.o
 .debug_info    0x00004af4      0x67f ./Drivers/STM32F4xx_HAL_Driver/Src/stm32f4xx_hal_flash_ex.o
 .debug_info    0x00005173      0x6c3 ./Drivers/STM32F4xx_HAL_Driver/Src/stm32f4xx_hal_gpio.o
 .debug_info    0x00005836     0x156f ./Drivers/STM32F4xx_HAL_Driver/Src/stm32f4xx_hal_pcd.o
 .debug_info    0x00006da5      0x6ea ./Drivers/STM32F4xx_HAL_Driver/Src/stm32f4xx_hal_pcd_ex.o
 .debug_info    0x0000748f      0x8af ./Drivers/STM32F4xx_HAL_Driver/Src/stm32f4xx_hal_rcc.o
 .debug_info    0x00007d3e      0x536 ./Drivers/STM32F4xx_HAL_Driver/Src/stm32f4xx_hal_rcc_ex.o
 .debug_info    0x00008274     0x1993 ./Drivers/STM32F4xx_HAL_Driver/Src/stm32f4xx_ll_usb.o
 .debug_info    0x00009c07     0x12a3 ./Middlewares/ST/STM32_USB_Device_Library/Class/CDC/Src/usbd_cdc.o
 .debug_info    0x0000aeaa      0xe05 ./Middlewares/ST/STM32_USB_Device_Library/Core/Src/usbd_core.o
 .debug_info    0x0000bcaf      0xade ./Middlewares/ST/STM32_USB_Device_Library/Core/Src/usbd_ctlreq.o
 .debug_info    0x0000c78d      0x755 ./Middlewares/ST/STM32_USB_Device_Library/Core/Src/usbd_ioreq.o
 .debug_info    0x0000cee2      0x701 ./USB_DEVICE/App/usb_device.o
 .debug_info    0x0000d5e3      0xa8b ./USB_DEVICE/App/usbd_cdc_if.o
 .debug_info    0x0000e06e      0x458 ./USB_DEVICE/App/usbd_desc.o
 .debug_info    0x0000e4c6     0x1c69 ./USB_DEVICE/Target/usbd_conf.o

.debug_abbrev   0x00000000     0x3b00
 .debug_abbrev  0x00000000      0x14c ./Core/Src/CRC.o
 .debug_abbrev  0x0000014c      0x246 ./Core/Src/bootloader.o
 .debug_abbrev  0x00000392      0x18b ./Core/Src/flash.o
 .debug_abbrev  0x0000051d      0x15f ./Core/Src/led_bootloader.o
 .debug_abbrev  0x0000067c      0x297 ./Core/Src/main.o
 .debug_abbrev  0x00000913       0xd8 ./Core/Src/stm32f4xx_hal_msp.o
 .debug_abbrev  0x000009eb      0x1a4 ./Core/Src/stm32f4xx_it.o
 .debug_abbrev  0x00000b8f       0xbc ./Core/Src/sysmem.o
 .debug_abbrev  0x00000c4b      0x11a ./Core/Src/system_stm32f4xx.o
 .debug_abbrev  0x00000d65      0x178 ./Core/Src/task_list.o
 .debug_abbrev  0x00000edd      0x19a ./Core/Src/usb_handle.o
 .debug_abbrev  0x00001077       0x24 ./Core/Startup/startup_stm32f407vgtx.o
 .debug_abbrev  0x0000109b      0x214 ./Drivers/STM32F4xx_HAL_Driver/Src/stm32f4xx_hal.o
 .debug_abbrev  0x000012af      0x31d ./Drivers/STM32F4xx_HAL_Driver/Src/stm32f4xx_hal_cortex.o
 .debug_abbrev  0x000015cc      0x28c ./Drivers/STM32F4xx_HAL_Driver/Src/stm32f4xx_hal_flash.o
 .debug_abbrev  0x00001858      0x249 ./Drivers/STM32F4xx_HAL_Driver/Src/stm32f4xx_hal_flash_ex.o
 .debug_abbrev  0x00001aa1      0x1d4 ./Drivers/STM32F4xx_HAL_Driver/Src/stm32f4xx_hal_gpio.o
 .debug_abbrev  0x00001c75      0x2b9 ./Drivers/STM32F4xx_HAL_Driver/Src/stm32f4xx_hal_pcd.o
 .debug_abbrev  0x00001f2e      0x1da ./Drivers/STM32F4xx_HAL_Driver/Src/stm32f4xx_hal_pcd_ex.o
 .debug_abbrev  0x00002108      0x2b7 ./Drivers/STM32F4xx_HAL_Driver/Src/stm32f4xx_hal_rcc.o
 .debug_abbrev  0x000023bf      0x1b0 ./Drivers/STM32F4xx_HAL_Driver/Src/stm32f4xx_hal_rcc_ex.o
 .debug_abbrev  0x0000256f      0x2b3 ./Drivers/STM32F4xx_HAL_Driver/Src/stm32f4xx_ll_usb.o
 .debug_abbrev  0x00002822      0x2d2 ./Middlewares/ST/STM32_USB_Device_Library/Class/CDC/Src/usbd_cdc.o
 .debug_abbrev  0x00002af4      0x27c ./Middlewares/ST/STM32_USB_Device_Library/Core/Src/usbd_core.o
 .debug_abbrev  0x00002d70      0x26f ./Middlewares/ST/STM32_USB_Device_Library/Core/Src/usbd_ctlreq.o
 .debug_abbrev  0x00002fdf      0x19a ./Middlewares/ST/STM32_USB_Device_Library/Core/Src/usbd_ioreq.o
 .debug_abbrev  0x00003179      0x195 ./USB_DEVICE/App/usb_device.o
 .debug_abbrev  0x0000330e      0x2d2 ./USB_DEVICE/App/usbd_cdc_if.o
 .debug_abbrev  0x000035e0      0x1e1 ./USB_DEVICE/App/usbd_desc.o
 .debug_abbrev  0x000037c1      0x33f ./USB_DEVICE/Target/usbd_conf.o

.debug_aranges  0x00000000      0xe68
 .debug_aranges
                0x00000000       0x60 ./Core/Src/CRC.o
 .debug_aranges
                0x00000060       0x30 ./Core/Src/bootloader.o
 .debug_aranges
                0x00000090       0x30 ./Core/Src/flash.o
 .debug_aranges
                0x000000c0       0x48 ./Core/Src/led_bootloader.o
 .debug_aranges
                0x00000108       0x40 ./Core/Src/main.o
 .debug_aranges
                0x00000148       0x20 ./Core/Src/stm32f4xx_hal_msp.o
 .debug_aranges
                0x00000168       0x68 ./Core/Src/stm32f4xx_it.o
 .debug_aranges
                0x000001d0       0x20 ./Core/Src/sysmem.o
 .debug_aranges
                0x000001f0       0x28 ./Core/Src/system_stm32f4xx.o
 .debug_aranges
                0x00000218       0x40 ./Core/Src/task_list.o
 .debug_aranges
                0x00000258       0x28 ./Core/Src/usb_handle.o
 .debug_aranges
                0x00000280       0x28 ./Core/Startup/startup_stm32f407vgtx.o
 .debug_aranges
                0x000002a8       0xf0 ./Drivers/STM32F4xx_HAL_Driver/Src/stm32f4xx_hal.o
 .debug_aranges
                0x00000398      0x130 ./Drivers/STM32F4xx_HAL_Driver/Src/stm32f4xx_hal_cortex.o
 .debug_aranges
                0x000004c8       0xa0 ./Drivers/STM32F4xx_HAL_Driver/Src/stm32f4xx_hal_flash.o
 .debug_aranges
                0x00000568       0x98 ./Drivers/STM32F4xx_HAL_Driver/Src/stm32f4xx_hal_flash_ex.o
 .debug_aranges
                0x00000600       0x58 ./Drivers/STM32F4xx_HAL_Driver/Src/stm32f4xx_hal_gpio.o
 .debug_aranges
                0x00000658      0x148 ./Drivers/STM32F4xx_HAL_Driver/Src/stm32f4xx_hal_pcd.o
 .debug_aranges
                0x000007a0       0x38 ./Drivers/STM32F4xx_HAL_Driver/Src/stm32f4xx_hal_pcd_ex.o
 .debug_aranges
                0x000007d8       0x88 ./Drivers/STM32F4xx_HAL_Driver/Src/stm32f4xx_hal_rcc.o
 .debug_aranges
                0x00000860       0x48 ./Drivers/STM32F4xx_HAL_Driver/Src/stm32f4xx_hal_rcc_ex.o
 .debug_aranges
                0x000008a8      0x1a0 ./Drivers/STM32F4xx_HAL_Driver/Src/stm32f4xx_ll_usb.o
 .debug_aranges
                0x00000a48       0x90 ./Middlewares/ST/STM32_USB_Device_Library/Class/CDC/Src/usbd_cdc.o
 .debug_aranges
                0x00000ad8       0xd8 ./Middlewares/ST/STM32_USB_Device_Library/Core/Src/usbd_core.o
 .debug_aranges
                0x00000bb0       0x90 ./Middlewares/ST/STM32_USB_Device_Library/Core/Src/usbd_ctlreq.o
 .debug_aranges
                0x00000c40       0x50 ./Middlewares/ST/STM32_USB_Device_Library/Core/Src/usbd_ioreq.o
 .debug_aranges
                0x00000c90       0x20 ./USB_DEVICE/App/usb_device.o
 .debug_aranges
                0x00000cb0       0x48 ./USB_DEVICE/App/usbd_cdc_if.o
 .debug_aranges
                0x00000cf8       0x60 ./USB_DEVICE/App/usbd_desc.o
 .debug_aranges
                0x00000d58      0x110 ./USB_DEVICE/Target/usbd_conf.o

.debug_rnglists
                0x00000000      0xa88
 .debug_rnglists
                0x00000000       0x46 ./Core/Src/CRC.o
 .debug_rnglists
                0x00000046       0x20 ./Core/Src/bootloader.o
 .debug_rnglists
                0x00000066       0x1f ./Core/Src/flash.o
 .debug_rnglists
                0x00000085       0x31 ./Core/Src/led_bootloader.o
 .debug_rnglists
                0x000000b6       0x2d ./Core/Src/main.o
 .debug_rnglists
                0x000000e3       0x13 ./Core/Src/stm32f4xx_hal_msp.o
 .debug_rnglists
                0x000000f6       0x49 ./Core/Src/stm32f4xx_it.o
 .debug_rnglists
                0x0000013f       0x13 ./Core/Src/sysmem.o
 .debug_rnglists
                0x00000152       0x1a ./Core/Src/system_stm32f4xx.o
 .debug_rnglists
                0x0000016c       0x2c ./Core/Src/task_list.o
 .debug_rnglists
                0x00000198       0x1a ./Core/Src/usb_handle.o
 .debug_rnglists
                0x000001b2       0x19 ./Core/Startup/startup_stm32f407vgtx.o
 .debug_rnglists
                0x000001cb       0xaf ./Drivers/STM32F4xx_HAL_Driver/Src/stm32f4xx_hal.o
 .debug_rnglists
                0x0000027a       0xe0 ./Drivers/STM32F4xx_HAL_Driver/Src/stm32f4xx_hal_cortex.o
 .debug_rnglists
                0x0000035a       0x78 ./Drivers/STM32F4xx_HAL_Driver/Src/stm32f4xx_hal_flash.o
 .debug_rnglists
                0x000003d2       0x72 ./Drivers/STM32F4xx_HAL_Driver/Src/stm32f4xx_hal_flash_ex.o
 .debug_rnglists
                0x00000444       0x3f ./Drivers/STM32F4xx_HAL_Driver/Src/stm32f4xx_hal_gpio.o
 .debug_rnglists
                0x00000483       0xfa ./Drivers/STM32F4xx_HAL_Driver/Src/stm32f4xx_hal_pcd.o
 .debug_rnglists
                0x0000057d       0x26 ./Drivers/STM32F4xx_HAL_Driver/Src/stm32f4xx_hal_pcd_ex.o
 .debug_rnglists
                0x000005a3       0x66 ./Drivers/STM32F4xx_HAL_Driver/Src/stm32f4xx_hal_rcc.o
 .debug_rnglists
                0x00000609       0x35 ./Drivers/STM32F4xx_HAL_Driver/Src/stm32f4xx_hal_rcc_ex.o
 .debug_rnglists
                0x0000063e      0x147 ./Drivers/STM32F4xx_HAL_Driver/Src/stm32f4xx_ll_usb.o
 .debug_rnglists
                0x00000785       0x6c ./Middlewares/ST/STM32_USB_Device_Library/Class/CDC/Src/usbd_cdc.o
 .debug_rnglists
                0x000007f1       0xa1 ./Middlewares/ST/STM32_USB_Device_Library/Core/Src/usbd_core.o
 .debug_rnglists
                0x00000892       0x6e ./Middlewares/ST/STM32_USB_Device_Library/Core/Src/usbd_ctlreq.o
 .debug_rnglists
                0x00000900       0x37 ./Middlewares/ST/STM32_USB_Device_Library/Core/Src/usbd_ioreq.o
 .debug_rnglists
                0x00000937       0x13 ./USB_DEVICE/App/usb_device.o
 .debug_rnglists
                0x0000094a       0x32 ./USB_DEVICE/App/usbd_cdc_if.o
 .debug_rnglists
                0x0000097c       0x43 ./USB_DEVICE/App/usbd_desc.o
 .debug_rnglists
                0x000009bf       0xc9 ./USB_DEVICE/Target/usbd_conf.o

.debug_macro    0x00000000    0x2412b
 .debug_macro   0x00000000      0x14d ./Core/Src/CRC.o
 .debug_macro   0x0000014d      0xab4 ./Core/Src/CRC.o
 .debug_macro   0x00000c01       0x22 ./Core/Src/CRC.o
 .debug_macro   0x00000c23       0x5b ./Core/Src/CRC.o
 .debug_macro   0x00000c7e       0x2a ./Core/Src/CRC.o
 .debug_macro   0x00000ca8       0x94 ./Core/Src/CRC.o
 .debug_macro   0x00000d3c       0x43 ./Core/Src/CRC.o
 .debug_macro   0x00000d7f       0x34 ./Core/Src/CRC.o
 .debug_macro   0x00000db3       0x16 ./Core/Src/CRC.o
 .debug_macro   0x00000dc9       0x57 ./Core/Src/CRC.o
 .debug_macro   0x00000e20       0x9e ./Core/Src/CRC.o
 .debug_macro   0x00000ebe      0x369 ./Core/Src/CRC.o
 .debug_macro   0x00001227      0x10b ./Core/Src/CRC.o
 .debug_macro   0x00001332       0x10 ./Core/Src/CRC.o
 .debug_macro   0x00001342       0x16 ./Core/Src/CRC.o
 .debug_macro   0x00001358       0x43 ./Core/Src/CRC.o
 .debug_macro   0x0000139b       0x34 ./Core/Src/CRC.o
 .debug_macro   0x000013cf       0x10 ./Core/Src/CRC.o
 .debug_macro   0x000013df       0x58 ./Core/Src/CRC.o
 .debug_macro   0x00001437       0x8e ./Core/Src/CRC.o
 .debug_macro   0x000014c5       0x1c ./Core/Src/CRC.o
 .debug_macro   0x000014e1      0x177 ./Core/Src/CRC.o
 .debug_macro   0x00001658       0x16 ./Core/Src/CRC.o
 .debug_macro   0x0000166e       0x16 ./Core/Src/CRC.o
 .debug_macro   0x00001684      0x146 ./Core/Src/CRC.o
 .debug_macro   0x000017ca      0x103 ./Core/Src/CRC.o
 .debug_macro   0x000018cd       0x6a ./Core/Src/CRC.o
 .debug_macro   0x00001937      0x1df ./Core/Src/CRC.o
 .debug_macro   0x00001b16       0x70 ./Core/Src/CRC.o
 .debug_macro   0x00001b86      0x2bb ./Core/Src/bootloader.o
 .debug_macro   0x00001e41      0x295 ./Core/Src/bootloader.o
 .debug_macro   0x000020d6       0x2e ./Core/Src/bootloader.o
 .debug_macro   0x00002104       0x2f ./Core/Src/bootloader.o
 .debug_macro   0x00002133       0x8e ./Core/Src/bootloader.o
 .debug_macro   0x000021c1       0x51 ./Core/Src/bootloader.o
 .debug_macro   0x00002212       0x1c ./Core/Src/bootloader.o
 .debug_macro   0x0000222e       0x22 ./Core/Src/bootloader.o
 .debug_macro   0x00002250       0xfb ./Core/Src/bootloader.o
 .debug_macro   0x0000234b     0x1011 ./Core/Src/bootloader.o
 .debug_macro   0x0000335c      0x11f ./Core/Src/bootloader.o
 .debug_macro   0x0000347b    0x15e97 ./Core/Src/bootloader.o
 .debug_macro   0x00019312       0x6d ./Core/Src/bootloader.o
 .debug_macro   0x0001937f     0x369a ./Core/Src/bootloader.o
 .debug_macro   0x0001ca19      0x189 ./Core/Src/bootloader.o
 .debug_macro   0x0001cba2       0x5c ./Core/Src/bootloader.o
 .debug_macro   0x0001cbfe      0x980 ./Core/Src/bootloader.o
 .debug_macro   0x0001d57e      0x9e9 ./Core/Src/bootloader.o
 .debug_macro   0x0001df67      0x115 ./Core/Src/bootloader.o
 .debug_macro   0x0001e07c      0x13e ./Core/Src/bootloader.o
 .debug_macro   0x0001e1ba       0xa5 ./Core/Src/bootloader.o
 .debug_macro   0x0001e25f      0x174 ./Core/Src/bootloader.o
 .debug_macro   0x0001e3d3      0x287 ./Core/Src/bootloader.o
 .debug_macro   0x0001e65a       0x5f ./Core/Src/bootloader.o
 .debug_macro   0x0001e6b9      0x236 ./Core/Src/bootloader.o
 .debug_macro   0x0001e8ef      0x12c ./Core/Src/bootloader.o
 .debug_macro   0x0001ea1b      0x21e ./Core/Src/bootloader.o
 .debug_macro   0x0001ec39       0x2e ./Core/Src/bootloader.o
 .debug_macro   0x0001ec67      0x127 ./Core/Src/bootloader.o
 .debug_macro   0x0001ed8e       0x7e ./Core/Src/bootloader.o
 .debug_macro   0x0001ee0c       0x89 ./Core/Src/bootloader.o
 .debug_macro   0x0001ee95      0x293 ./Core/Src/bootloader.o
 .debug_macro   0x0001f128       0xba ./Core/Src/bootloader.o
 .debug_macro   0x0001f1e2      0x12d ./Core/Src/bootloader.o
 .debug_macro   0x0001f30f       0x52 ./Core/Src/bootloader.o
 .debug_macro   0x0001f361       0x61 ./Core/Src/bootloader.o
 .debug_macro   0x0001f3c2       0x10 ./Core/Src/bootloader.o
 .debug_macro   0x0001f3d2       0x35 ./Core/Src/bootloader.o
 .debug_macro   0x0001f407       0x20 ./Core/Src/bootloader.o
 .debug_macro   0x0001f427      0x1de ./Core/Src/flash.o
 .debug_macro   0x0001f605      0x1de ./Core/Src/led_bootloader.o
 .debug_macro   0x0001f7e3      0x397 ./Core/Src/main.o
 .debug_macro   0x0001fb7a       0x16 ./Core/Src/main.o
 .debug_macro   0x0001fb90       0x16 ./Core/Src/main.o
 .debug_macro   0x0001fba6       0x29 ./Core/Src/main.o
 .debug_macro   0x0001fbcf       0x16 ./Core/Src/main.o
 .debug_macro   0x0001fbe5       0x65 ./Core/Src/main.o
 .debug_macro   0x0001fc4a      0x20f ./Core/Src/main.o
 .debug_macro   0x0001fe59      0x118 ./Core/Src/main.o
 .debug_macro   0x0001ff71       0x3a ./Core/Src/main.o
 .debug_macro   0x0001ffab      0x1de ./Core/Src/stm32f4xx_hal_msp.o
 .debug_macro   0x00020189      0x1e8 ./Core/Src/stm32f4xx_it.o
 .debug_macro   0x00020371       0xff ./Core/Src/sysmem.o
 .debug_macro   0x00020470      0x23c ./Core/Src/sysmem.o
 .debug_macro   0x000206ac      0x1d4 ./Core/Src/system_stm32f4xx.o
 .debug_macro   0x00020880      0x2e9 ./Core/Src/task_list.o
 .debug_macro   0x00020b69      0x3c9 ./Core/Src/usb_handle.o
 .debug_macro   0x00020f32       0x95 ./Core/Src/usb_handle.o
 .debug_macro   0x00020fc7       0x10 ./Core/Src/usb_handle.o
 .debug_macro   0x00020fd7      0x234 ./Drivers/STM32F4xx_HAL_Driver/Src/stm32f4xx_hal.o
 .debug_macro   0x0002120b      0x1d4 ./Drivers/STM32F4xx_HAL_Driver/Src/stm32f4xx_hal_cortex.o
 .debug_macro   0x000213df      0x1da ./Drivers/STM32F4xx_HAL_Driver/Src/stm32f4xx_hal_flash.o
 .debug_macro   0x000215b9      0x1da ./Drivers/STM32F4xx_HAL_Driver/Src/stm32f4xx_hal_flash_ex.o
 .debug_macro   0x00021793      0x1da ./Drivers/STM32F4xx_HAL_Driver/Src/stm32f4xx_hal_gpio.o
 .debug_macro   0x0002196d      0x1e0 ./Drivers/STM32F4xx_HAL_Driver/Src/stm32f4xx_hal_pcd.o
 .debug_macro   0x00021b4d      0x1d4 ./Drivers/STM32F4xx_HAL_Driver/Src/stm32f4xx_hal_pcd_ex.o
 .debug_macro   0x00021d21      0x1f8 ./Drivers/STM32F4xx_HAL_Driver/Src/stm32f4xx_hal_rcc.o
 .debug_macro   0x00021f19      0x1d4 ./Drivers/STM32F4xx_HAL_Driver/Src/stm32f4xx_hal_rcc_ex.o
 .debug_macro   0x000220ed      0x1d4 ./Drivers/STM32F4xx_HAL_Driver/Src/stm32f4xx_ll_usb.o
 .debug_macro   0x000222c1      0x36d ./Middlewares/ST/STM32_USB_Device_Library/Class/CDC/Src/usbd_cdc.o
 .debug_macro   0x0002262e       0x56 ./Middlewares/ST/STM32_USB_Device_Library/Class/CDC/Src/usbd_cdc.o
 .debug_macro   0x00022684      0x354 ./Middlewares/ST/STM32_USB_Device_Library/Core/Src/usbd_core.o
 .debug_macro   0x000229d8      0x215 ./Middlewares/ST/STM32_USB_Device_Library/Core/Src/usbd_core.o
 .debug_macro   0x00022bed      0x35e ./Middlewares/ST/STM32_USB_Device_Library/Core/Src/usbd_ctlreq.o
 .debug_macro   0x00022f4b      0x35a ./Middlewares/ST/STM32_USB_Device_Library/Core/Src/usbd_ioreq.o
 .debug_macro   0x000232a5      0x393 ./USB_DEVICE/App/usb_device.o
 .debug_macro   0x00023638       0x22 ./USB_DEVICE/App/usb_device.o
 .debug_macro   0x0002365a       0x16 ./USB_DEVICE/App/usb_device.o
 .debug_macro   0x00023670      0x391 ./USB_DEVICE/App/usbd_cdc_if.o
 .debug_macro   0x00023a01      0x397 ./USB_DEVICE/App/usbd_desc.o
 .debug_macro   0x00023d98       0x1c ./USB_DEVICE/App/usbd_desc.o
 .debug_macro   0x00023db4      0x377 ./USB_DEVICE/Target/usbd_conf.o

.debug_line     0x00000000    0x13e14
 .debug_line    0x00000000      0x6da ./Core/Src/CRC.o
 .debug_line    0x000006da      0x8d7 ./Core/Src/bootloader.o
 .debug_line    0x00000fb1      0x73e ./Core/Src/flash.o
 .debug_line    0x000016ef      0x739 ./Core/Src/led_bootloader.o